Archive member included to satisfy reference by file (symbol)

C:/devkitPro/libtonc/lib\libtonc.a(tonc_irq.o)
                              main.o (irq_init)
C:/devkitPro/libtonc/lib\libtonc.a(tonc_core.o)
                              main.o (tonccpy)
C:/devkitPro/libtonc/lib\libtonc.a(tonc_oam.o)
                              main.o (oam_init)
C:/devkitPro/libtonc/lib\libtonc.a(tonc_input.o)
                              main.o (key_poll)
C:/devkitPro/libtonc/lib\libtonc.a(tte_main.o)
                              main.o (gp_tte_context)
C:/devkitPro/libtonc/lib\libtonc.a(tte_iohook.o)
                              main.o (tte_init_con)
C:/devkitPro/libtonc/lib\libtonc.a(tte_init_se.o)
                              main.o (tte_init_se)
C:/devkitPro/libtonc/lib\libtonc.a(tonc_bios.o)
                              main.o (VBlankIntrWait)
C:/devkitPro/libtonc/lib\libtonc.a(tonc_memcpy.o)
                              main.o (memcpy32)
C:/devkitPro/libtonc/lib\libtonc.a(tonc_bios_ex.o)
                              C:/devkitPro/libtonc/lib\libtonc.a(tte_main.o) (VBlankIntrDelay)
C:/devkitPro/libtonc/lib\libtonc.a(tonc_nocash.o)
                              C:/devkitPro/libtonc/lib\libtonc.a(tte_iohook.o) (nocash_message)
C:/devkitPro/libtonc/lib\libtonc.a(tonc_isr_master.o)
                              C:/devkitPro/libtonc/lib\libtonc.a(tonc_irq.o) (isr_master)
C:/devkitPro/libtonc/lib\libtonc.a(tonc_memset.o)
                              C:/devkitPro/libtonc/lib\libtonc.a(tonc_irq.o) (memset32)
C:/devkitPro/libtonc/lib\libtonc.a(sys8.o)
                              C:/devkitPro/libtonc/lib\libtonc.a(tte_main.o) (sys8Font)
C:/devkitPro/libtonc/lib\libtonc.a(tonc_surface.o)
                              C:/devkitPro/libtonc/lib\libtonc.a(tte_init_se.o) (srf_init)
C:/devkitPro/libtonc/lib\libtonc.a(se_drawg.o)
                              C:/devkitPro/libtonc/lib\libtonc.a(tte_init_se.o) (se_erase)
C:/devkitPro/libtonc/lib\libtonc.a(tonc_sbmp16.o)
                              C:/devkitPro/libtonc/lib\libtonc.a(se_drawg.o) (sbmp16_rect)
c:/devkitpro/devkitarm/bin/../lib/gcc/arm-none-eabi/11.1.0/../../../../arm-none-eabi/lib/thumb\libm.a(lib_a-s_sin.o)
                              main.o (sin)
c:/devkitpro/devkitarm/bin/../lib/gcc/arm-none-eabi/11.1.0/../../../../arm-none-eabi/lib/thumb\libm.a(lib_a-e_rem_pio2.o)
                              c:/devkitpro/devkitarm/bin/../lib/gcc/arm-none-eabi/11.1.0/../../../../arm-none-eabi/lib/thumb\libm.a(lib_a-s_sin.o) (__ieee754_rem_pio2)
c:/devkitpro/devkitarm/bin/../lib/gcc/arm-none-eabi/11.1.0/../../../../arm-none-eabi/lib/thumb\libm.a(lib_a-k_cos.o)
                              c:/devkitpro/devkitarm/bin/../lib/gcc/arm-none-eabi/11.1.0/../../../../arm-none-eabi/lib/thumb\libm.a(lib_a-s_sin.o) (__kernel_cos)
c:/devkitpro/devkitarm/bin/../lib/gcc/arm-none-eabi/11.1.0/../../../../arm-none-eabi/lib/thumb\libm.a(lib_a-k_rem_pio2.o)
                              c:/devkitpro/devkitarm/bin/../lib/gcc/arm-none-eabi/11.1.0/../../../../arm-none-eabi/lib/thumb\libm.a(lib_a-e_rem_pio2.o) (__kernel_rem_pio2)
c:/devkitpro/devkitarm/bin/../lib/gcc/arm-none-eabi/11.1.0/../../../../arm-none-eabi/lib/thumb\libm.a(lib_a-k_sin.o)
                              c:/devkitpro/devkitarm/bin/../lib/gcc/arm-none-eabi/11.1.0/../../../../arm-none-eabi/lib/thumb\libm.a(lib_a-s_sin.o) (__kernel_sin)
c:/devkitpro/devkitarm/bin/../lib/gcc/arm-none-eabi/11.1.0/../../../../arm-none-eabi/lib/thumb\libm.a(lib_a-s_fabs.o)
                              c:/devkitpro/devkitarm/bin/../lib/gcc/arm-none-eabi/11.1.0/../../../../arm-none-eabi/lib/thumb\libm.a(lib_a-e_rem_pio2.o) (fabs)
c:/devkitpro/devkitarm/bin/../lib/gcc/arm-none-eabi/11.1.0/../../../../arm-none-eabi/lib/thumb\libm.a(lib_a-s_floor.o)
                              c:/devkitpro/devkitarm/bin/../lib/gcc/arm-none-eabi/11.1.0/../../../../arm-none-eabi/lib/thumb\libm.a(lib_a-k_rem_pio2.o) (floor)
c:/devkitpro/devkitarm/bin/../lib/gcc/arm-none-eabi/11.1.0/../../../../arm-none-eabi/lib/thumb\libm.a(lib_a-s_scalbn.o)
                              c:/devkitpro/devkitarm/bin/../lib/gcc/arm-none-eabi/11.1.0/../../../../arm-none-eabi/lib/thumb\libm.a(lib_a-k_rem_pio2.o) (scalbn)
../aas/lib\libAAS.a(AAS_Main.o)
                              main.o (AAS_SetConfig)
../aas/lib\libAAS.a(AAS_MOD.o)
                              ../aas/lib\libAAS.a(AAS_Main.o) (AAS_MOD_Stop)
../aas/lib\libAAS.a(AAS_Shared.o)
                              ../aas/lib\libAAS.a(AAS_MOD.o) (AAS_sin)
../aas/lib\libAAS.a(AAS_SFX.o)
                              main.o (AAS_SFX_Play)
../aas/lib\libAAS.a(AAS_Mixer.o)
                              ../aas/lib\libAAS.a(AAS_Main.o) (AAS_MixAudio)
../aas/lib\libAAS.a(AAS_ASM.o)
                              ../aas/lib\libAAS.a(AAS_Main.o) (AAS_MixAudio_SetMode_Normal)
c:/devkitpro/devkitarm/bin/../lib/gcc/arm-none-eabi/11.1.0/thumb\libgcc.a(_arm_muldf3.o)
[...]
Memory Configuration

Name             Origin             Length             Attributes
rom              0x0000000008000000 0x0000000002000000
iwram            0x0000000003000000 0x0000000000008000
ewram            0x0000000002000000 0x0000000000040000
*default*        0x0000000000000000 0xffffffffffffffff

Linker script and memory map

                0x0000000008000000                __text_start = ORIGIN (rom)
                0x0000000002040000                __eheap_end = (ORIGIN (ewram) + LENGTH (ewram))
                0x0000000003000000                __iwram_start = ORIGIN (iwram)
                0x0000000003008000                __iwram_top = (ORIGIN (iwram) + LENGTH (iwram))
                0x0000000003007fa0                __sp_irq = (__iwram_top - 0x60)
                0x0000000003007f00                __sp_usr = (__sp_irq - 0xa0)
                0x0000000003007ff8                __irq_flags = 0x3007ff8
                0x0000000008000000                . = __text_start

.crt0           0x0000000008000000      0x210
 *(.crt0)
 .crt0          0x0000000008000000      0x210 c:/devkitpro/devkitarm/bin/../lib/gcc/arm-none-eabi/11.1.0/../../../../arm-none-eabi/lib/thumb/gba_crt0.o
                0x0000000008000000                _start
                0x00000000080000c4                __boot_method
                0x00000000080000c5                __slave_number
                0x00000000080000e0                start_vector
                0x0000000008000210                . = ALIGN (0x4)

.init           0x0000000008000210        0xc
 *(SORT_NONE(.init))
 .init          0x0000000008000210        0x4 c:/devkitpro/devkitarm/bin/../lib/gcc/arm-none-eabi/11.1.0/thumb/crti.o
                0x0000000008000210                _init
 .init          0x0000000008000214        0x8 c:/devkitpro/devkitarm/bin/../lib/gcc/arm-none-eabi/11.1.0/thumb/crtn.o

.plt            0x000000000800021c        0x0
 *(.plt)
                0x000000000800021c                . = ALIGN (0x4)

.text           0x0000000008000220    0x12f00
 *(EXCLUDE_FILE(*.iwram*) .text*)
 .text.__do_global_dtors_aux
                0x0000000008000220       0x2c c:/devkitpro/devkitarm/bin/../lib/gcc/arm-none-eabi/11.1.0/thumb/crtbegin.o
 .text.frame_dummy
                0x000000000800024c       0x24 c:/devkitpro/devkitarm/bin/../lib/gcc/arm-none-eabi/11.1.0/thumb/crtbegin.o
 .text          0x0000000008000270     0x2f0c main.o
                0x0000000008000270                rrange
                0x000000000800028c                InputHandling
                0x0000000008000338                BackgroundHandling
                0x00000000080004cc                ProjectileHandling
                0x0000000008000674                LightningHandling
                0x00000000080007a8                scatterCoords
                0x00000000080007ec                scatterCoords2
                0x0000000008000834                EnableClouds
                0x000000000800084c                ResetClouds
                0x000000000800087c                InitPattern
                0x0000000008001020                InitLightning
                0x00000000080013e0                InitBoss
                0x0000000008001424                CloudAnimation
                0x00000000080015fc                LevelEndHandling
                0x0000000008001e48                BossHandling
                0x0000000008001e60                CounterAnimation
                0x0000000008001eac                LevelHandling
                0x0000000008002684                KonamiCode
                0x00000000080027b8                ResetGameSprites
                0x000000000800299c                GameSpriteLoad
                0x0000000008002a30                gameloop
                0x0000000008003038                TitleSpriteLoad
 .text.startup  0x000000000800317c      0xdac main.o
                0x000000000800317c                main
 .text          0x0000000008003f28       0x68 sram.o
                0x0000000008003f28                StoreValue
                0x0000000008003f58                LoadValue
 .text          0x0000000008003f90      0x354 C:/devkitPro/libtonc/lib\libtonc.a(tonc_irq.o)
                0x0000000008003f90                irq_init
                0x0000000008003fd4                irq_set_master
                0x0000000008004000                irq_set
                0x0000000008004128                irq_add
                0x00000000080041a0                irq_delete
                0x0000000008004254                irq_enable
                0x000000000800429c                irq_disable
 .text          0x00000000080042e4      0x1c4 C:/devkitPro/libtonc/lib\libtonc.a(tonc_core.o)
                0x00000000080042e4                tonccpy
                0x0000000008004394                __toncset
                0x0000000008004424                sqran
                0x0000000008004434                octant
                0x0000000008004454                octant_rot
 .text          0x00000000080044a8       0xbc C:/devkitPro/libtonc/lib\libtonc.a(tonc_oam.o)
                0x00000000080044a8                oam_init
                0x00000000080044f0                obj_copy
                0x0000000008004510                obj_hide_multi
                0x0000000008004538                obj_unhide_multi
 .text          0x0000000008004564       0xa8 C:/devkitPro/libtonc/lib\libtonc.a(tonc_input.o)
                0x0000000008004564                key_poll
                0x00000000080045b8                key_wait_till_hit
                0x00000000080045dc                key_repeat
                0x00000000080045e8                key_repeat_mask
                0x00000000080045f8                key_repeat_limits
 .text          0x000000000800460c      0x958 C:/devkitPro/libtonc/lib\libtonc.a(tte_main.o)
                0x000000000800460c                dummy_drawg
                0x0000000008004610                dummy_erase
                0x0000000008004614                tte_set_context
                0x000000000800462c                tte_set_color_attr
                0x000000000800463c                tte_set_color_attrs
                0x0000000008004658                tte_set_color
                0x0000000008004678                tte_set_colors
                0x00000000080046b8                tte_init_base
                0x000000000800474c                utf8_decode_char
                0x0000000008004800                tte_cmd_skip
                0x0000000008004810                tte_cmd_next
                0x0000000008004848                tte_putc
                0x0000000008004898                tte_erase_rect
                0x00000000080048b4                tte_erase_screen
                0x00000000080048d8                tte_erase_line
                0x0000000008004900                tte_cmd_default
                0x0000000008004d54                tte_write
                0x0000000008004e40                tte_write_ex
                0x0000000008004e70                tte_get_text_size
                0x0000000008004f44                tte_set_margins
 .text          0x0000000008004f64      0x354 C:/devkitPro/libtonc/lib\libtonc.a(tte_iohook.o)
                0x0000000008004f64                tte_con_nocash
                0x0000000008004fd0                tte_init_con
                0x0000000008005014                tte_cmd_vt100
                0x000000000800516c                tte_con_write
 .text          0x00000000080052b8      0x164 C:/devkitPro/libtonc/lib\libtonc.a(tte_init_se.o)
                0x00000000080052b8                tte_init_se
 .text          0x000000000800541c       0x8c C:/devkitPro/libtonc/lib\libtonc.a(tonc_bios.o)
                0x000000000800541c                SoftReset
                0x0000000008005420                RegisterRamReset
                0x0000000008005424                Halt
                0x0000000008005428                Stop
                0x000000000800542c                IntrWait
                0x0000000008005430                VBlankIntrWait
                0x0000000008005434                Div
                0x0000000008005438                DivArm
                0x000000000800543c                Sqrt
                0x0000000008005440                ArcTan
                0x0000000008005444                ArcTan2
                0x0000000008005448                CpuSet
                0x000000000800544c                CpuFastSet
                0x0000000008005450                BiosCheckSum
                0x0000000008005454                BgAffineSet
                0x0000000008005458                ObjAffineSet
                0x000000000800545c                BitUnPack
                0x0000000008005460                LZ77UnCompWram
                0x0000000008005464                LZ77UnCompVram
                0x0000000008005468                HuffUnComp
                0x000000000800546c                RLUnCompWram
                0x0000000008005470                RLUnCompVram
                0x0000000008005474                Diff8bitUnFilterWram
                0x0000000008005478                Diff8bitUnFilterVram
                0x000000000800547c                Diff16bitUnFilter
                0x0000000008005480                SoundBias
                0x0000000008005484                SoundDriverInit
                0x0000000008005488                SoundDriverMode
                0x000000000800548c                SoundDriverMain
                0x0000000008005490                SoundDriverVSync
                0x0000000008005494                SoundChannelClear
                0x0000000008005498                MidiKey2Freq
                0x000000000800549c                MultiBoot
                0x00000000080054a0                SoundDriverVSyncOff
                0x00000000080054a4                SoundDriverVSyncOn
 .text          0x00000000080054a8       0x44 C:/devkitPro/libtonc/lib\libtonc.a(tonc_memcpy.o)
                0x00000000080054a8                memcpy16
 .text          0x00000000080054ec       0x54 C:/devkitPro/libtonc/lib\libtonc.a(tonc_bios_ex.o)
                0x00000000080054ec                VBlankIntrDelay
                0x00000000080054fc                DivSafe
                0x0000000008005510                Mod
                0x0000000008005518                DivAbs
                0x0000000008005520                DivArmMod
                0x0000000008005528                DivArmAbs
                0x0000000008005530                CpuFastFill
 .text          0x0000000008005540       0x3c C:/devkitPro/libtonc/lib\libtonc.a(tonc_memset.o)
                0x0000000008005540                memset16
 .text          0x000000000800557c      0x16c C:/devkitPro/libtonc/lib\libtonc.a(tonc_surface.o)
                0x000000000800557c                srf_init
                0x0000000008005644                srf_pal_copy
                0x000000000800566c                srf_get_ptr
 .text          0x00000000080056e8      0x174 C:/devkitPro/libtonc/lib\libtonc.a(se_drawg.o)
                0x00000000080056e8                se_erase
                0x0000000008005714                se_drawg_w8h8
                0x0000000008005744                se_drawg_w8h16
                0x0000000008005784                se_drawg
                0x00000000080057f0                se_drawg_s
 .text          0x000000000800585c      0x4cc C:/devkitPro/libtonc/lib\libtonc.a(tonc_sbmp16.o)
                0x000000000800585c                sbmp16_get_pixel
                0x000000000800586c                sbmp16_plot
                0x0000000008005880                sbmp16_vline
                0x00000000080058b8                sbmp16_line
                0x0000000008005974                sbmp16_hline
                0x00000000080059a4                sbmp16_blit
                0x0000000008005aec                sbmp16_rect
                0x0000000008005b58                sbmp16_frame
                0x0000000008005be8                sbmp16_floodfill_internal
                0x0000000008005cfc                sbmp16_floodfill
 .text.sin      0x0000000008005d28       0xa8 c:/devkitpro/devkitarm/bin/../lib/gcc/arm-none-eabi/11.1.0/../../../../arm-none-eabi/lib/thumb\libm.a(lib_a-s_sin.o)
                0x0000000008005d28                sin
 .text.__ieee754_rem_pio2
                0x0000000008005dd0      0x410 c:/devkitpro/devkitarm/bin/../lib/gcc/arm-none-eabi/11.1.0/../../../../arm-none-eabi/lib/thumb\libm.a(lib_a-e_rem_pio2.o)
                0x0000000008005dd0                __ieee754_rem_pio2
 .text.__kernel_cos
                0x00000000080061e0      0x234 c:/devkitpro/devkitarm/bin/../lib/gcc/arm-none-eabi/11.1.0/../../../../arm-none-eabi/lib/thumb\libm.a(lib_a-k_cos.o)
                0x00000000080061e0                __kernel_cos
 .text.__kernel_rem_pio2
                0x0000000008006414      0x8cc c:/devkitpro/devkitarm/bin/../lib/gcc/arm-none-eabi/11.1.0/../../../../arm-none-eabi/lib/thumb\libm.a(lib_a-k_rem_pio2.o)
                0x0000000008006414                __kernel_rem_pio2
 .text.__kernel_sin
                0x0000000008006ce0      0x170 c:/devkitpro/devkitarm/bin/../lib/gcc/arm-none-eabi/11.1.0/../../../../arm-none-eabi/lib/thumb\libm.a(lib_a-k_sin.o)
                0x0000000008006ce0                __kernel_sin
 .text.fabs     0x0000000008006e50        0x8 c:/devkitpro/devkitarm/bin/../lib/gcc/arm-none-eabi/11.1.0/../../../../arm-none-eabi/lib/thumb\libm.a(lib_a-s_fabs.o)
                0x0000000008006e50                fabs
 .text.floor    0x0000000008006e58      0x130 c:/devkitpro/devkitarm/bin/../lib/gcc/arm-none-eabi/11.1.0/../../../../arm-none-eabi/lib/thumb\libm.a(lib_a-s_floor.o)
                0x0000000008006e58                floor
 .text.scalbn   0x0000000008006f88       0xe4 c:/devkitpro/devkitarm/bin/../lib/gcc/arm-none-eabi/11.1.0/../../../../arm-none-eabi/lib/thumb\libm.a(lib_a-s_scalbn.o)
                0x0000000008006f88                scalbn
 .text          0x000000000800706c     0x1bf8 ../aas/lib\libAAS.a(AAS_Main.o)
                0x00000000080085f8                AAS_MixAudio_SetMode
                0x0000000008008644                AAS_SetConfig
                0x0000000008008a50                AAS_GetOutputBufferAddress
                0x0000000008008a80                AAS_GetOutputBufferLength
                0x0000000008008a8c                AAS_FastTimer1InterruptHandler
                0x0000000008008b60                AAS_DoWork
                0x0000000008008b78                AAS_Timer1InterruptHandler
                0x0000000008008c50                AAS_GetActualMixRate
 .text          0x0000000008008c64     0x22e0 ../aas/lib\libAAS.a(AAS_MOD.o)
                0x0000000008008c64                AAS_MOD_GetNumChannels
                0x0000000008008c70                AAS_MOD_GetLastFilterValue
                0x0000000008008c7c                AAS_MOD_QueueSongPos
                0x0000000008008cb4                AAS_MOD_SetSongPos
                0x0000000008008e20                AAS_MOD_GetSongPos
                0x0000000008008e38                AAS_MOD_GetLineNum
                0x0000000008008e50                AAS_MOD_GetVolume
                0x0000000008008e5c                AAS_MOD_SetVolume
                0x0000000008009104                AAS_MOD_Pause
                0x0000000008009230                AAS_MOD_Resume
                0x0000000008009468                AAS_MOD_Stop
                0x000000000800980c                AAS_MOD_HasLooped
                0x0000000008009818                AAS_MOD_IsPlaying
                0x0000000008009828                AAS_MOD_Play
                0x00000000080099fc                AAS_MOD_SetLoop
                0x0000000008009a28                AAS_MOD_Interrupt
 .text          0x000000000800af44      0x670 ../aas/lib\libAAS.a(AAS_SFX.o)
                0x000000000800af44                AAS_SFX_GetNumChannels
                0x000000000800af88                AAS_SFX_GetChannel
                0x000000000800afc4                AAS_SFX_GetOutput
                0x000000000800aff8                AAS_SFX_ChannelExists
                0x000000000800b050                AAS_SFX_Play
                0x000000000800b198                AAS_SFX_IsActive
                0x000000000800b218                AAS_SFX_EndLoop
                0x000000000800b2a4                AAS_SFX_SetFrequency
                0x000000000800b3a0                AAS_SFX_SetVolume
                0x000000000800b44c                AAS_SFX_Stop
                0x000000000800b4e4                AAS_SFX_Resume
 .text          0x000000000800b5b4      0x360 ../aas/lib\libAAS.a(AAS_ASM.o)
                0x000000000800b5b4                _AAS_vol_lookup
                0x000000000800b818                AAS_MixAudio_SetMode_BoostAndClip
                0x000000000800b858                AAS_MixAudio_SetMode_Normal
                0x000000000800b868                AAS_MixAudio_SetMode_Boost
                0x000000000800b8a8                AAS_MixAudio_SetMaxChans_4
                0x000000000800b8d4                AAS_MixAudio_SetMaxChans_8
                0x000000000800b8dc                AAS_MixAudio_SetMaxChans_2
                0x000000000800b904                AAS_DoDMA3
 .text          0x000000000800b914      0x290 c:/devkitpro/devkitarm/bin/../lib/gcc/arm-none-eabi/11.1.0/thumb\libgcc.a(_arm_muldf3.o)
                0x000000000800b914                __muldf3
                0x000000000800b914                __aeabi_dmul
 .text          0x000000000800bba4      0x11c c:/devkitpro/devkitarm/bin/../lib/gcc/arm-none-eabi/11.1.0/thumb\libgcc.a(_udivsi3.o)
                0x000000000800bba4                __aeabi_uidiv
                0x000000000800bba4                __udivsi3
                0x000000000800bca0                __aeabi_uidivmod
 .text          0x000000000800bcc0      0x150 c:/devkitpro/devkitarm/bin/../lib/gcc/arm-none-eabi/11.1.0/thumb\libgcc.a(_divsi3.o)
                0x000000000800bcc0                __divsi3
                0x000000000800bcc0                __aeabi_idiv
                0x000000000800bdf0                __aeabi_idivmod
 .text          0x000000000800be10        0x4 c:/devkitpro/devkitarm/bin/../lib/gcc/arm-none-eabi/11.1.0/thumb\libgcc.a(_dvmd_tls.o)
                0x000000000800be10                __aeabi_idiv0
                0x000000000800be10                __aeabi_ldiv0
 .text          0x000000000800be14      0x424 c:/devkitpro/devkitarm/bin/../lib/gcc/arm-none-eabi/11.1.0/thumb\libgcc.a(_arm_addsubdf3.o)
                0x000000000800be14                __aeabi_drsub
                0x000000000800be1c                __aeabi_dsub
                0x000000000800be1c                __subdf3
                0x000000000800be20                __aeabi_dadd
                0x000000000800be20                __adddf3
                0x000000000800c130                __floatunsidf
                0x000000000800c130                __aeabi_ui2d
                0x000000000800c154                __floatsidf
                0x000000000800c154                __aeabi_i2d
                0x000000000800c17c                __aeabi_f2d
                0x000000000800c17c                __extendsfdf2
                0x000000000800c1c4                __floatundidf
                0x000000000800c1c4                __aeabi_ul2d
                0x000000000800c1d8                __floatdidf
                0x000000000800c1d8                __aeabi_l2d
 .text          0x000000000800c238      0x144 c:/devkitpro/devkitarm/bin/../lib/gcc/arm-none-eabi/11.1.0/thumb\libgcc.a(_arm_cmpdf2.o)
                0x000000000800c238                __gtdf2
                0x000000000800c238                __gedf2
                0x000000000800c240                __ltdf2
                0x000000000800c240                __ledf2
                0x000000000800c248                __nedf2
                0x000000000800c248                __eqdf2
                0x000000000800c248                __cmpdf2
                0x000000000800c2d0                __aeabi_cdrcmple
                0x000000000800c2ec                __aeabi_cdcmpeq
                0x000000000800c2ec                __aeabi_cdcmple
                0x000000000800c304                __aeabi_dcmpeq
                0x000000000800c31c                __aeabi_dcmplt
                0x000000000800c334                __aeabi_dcmple
                0x000000000800c34c                __aeabi_dcmpge
                0x000000000800c364                __aeabi_dcmpgt
 .text          0x000000000800c37c       0x5c c:/devkitpro/devkitarm/bin/../lib/gcc/arm-none-eabi/11.1.0/thumb\libgcc.a(_arm_fixdfsi.o)
                0x000000000800c37c                __aeabi_d2iz
                0x000000000800c37c                __fixdfsi
 .text          0x000000000800c3d8       0x54 c:/devkitpro/devkitarm/bin/../lib/gcc/arm-none-eabi/11.1.0/thumb\libgcc.a(_arm_fixunsdfsi.o)
                0x000000000800c3d8                __aeabi_d2uiz
                0x000000000800c3d8                __fixunsdfsi
 .text.__libc_init_array
                0x000000000800c42c       0x50 c:/devkitpro/devkitarm/bin/../lib/gcc/arm-none-eabi/11.1.0/../../../../arm-none-eabi/lib/thumb\libg.a(lib_a-init.o)
                0x000000000800c42c                __libc_init_array
 .text.iprintf  0x000000000800c47c       0x24 c:/devkitpro/devkitarm/bin/../lib/gcc/arm-none-eabi/11.1.0/../../../../arm-none-eabi/lib/thumb\libg.a(lib_a-iprintf.o)
                0x000000000800c47c                iprintf
 .text.memcpy   0x000000000800c4a0       0xa8 c:/devkitpro/devkitarm/bin/../lib/gcc/arm-none-eabi/11.1.0/../../../../arm-none-eabi/lib/thumb\libg.a(lib_a-memcpy-stub.o)
                0x000000000800c4a0                memcpy
 .text.memset   0x000000000800c548       0xb0 c:/devkitpro/devkitarm/bin/../lib/gcc/arm-none-eabi/11.1.0/../../../../arm-none-eabi/lib/thumb\libg.a(lib_a-memset.o)
                0x000000000800c548                memset
 .text.srand    0x000000000800c5f8       0x18 c:/devkitpro/devkitarm/bin/../lib/gcc/arm-none-eabi/11.1.0/../../../../arm-none-eabi/lib/thumb\libg.a(lib_a-rand.o)
                0x000000000800c5f8                srand
 .text.rand     0x000000000800c610       0x34 c:/devkitpro/devkitarm/bin/../lib/gcc/arm-none-eabi/11.1.0/../../../../arm-none-eabi/lib/thumb\libg.a(lib_a-rand.o)
                0x000000000800c610                rand
 .text.setvbuf  0x000000000800c644      0x1ac c:/devkitpro/devkitarm/bin/../lib/gcc/arm-none-eabi/11.1.0/../../../../arm-none-eabi/lib/thumb\libg.a(lib_a-setvbuf.o)
                0x000000000800c644                setvbuf
 .text.siscanf  0x000000000800c7f0       0x4c c:/devkitpro/devkitarm/bin/../lib/gcc/arm-none-eabi/11.1.0/../../../../arm-none-eabi/lib/thumb\libg.a(lib_a-siscanf.o)
                0x000000000800c7f0                siscanf
 .text.__sread  0x000000000800c83c       0x34 c:/devkitpro/devkitarm/bin/../lib/gcc/arm-none-eabi/11.1.0/../../../../arm-none-eabi/lib/thumb\libg.a(lib_a-stdio.o)
                0x000000000800c83c                __sread
 .text.__seofread
                0x000000000800c870        0x4 c:/devkitpro/devkitarm/bin/../lib/gcc/arm-none-eabi/11.1.0/../../../../arm-none-eabi/lib/thumb\libg.a(lib_a-stdio.o)
                0x000000000800c870                __seofread
 .text.__swrite
                0x000000000800c874       0x4c c:/devkitpro/devkitarm/bin/../lib/gcc/arm-none-eabi/11.1.0/../../../../arm-none-eabi/lib/thumb\libg.a(lib_a-stdio.o)
                0x000000000800c874                __swrite
 .text.__sseek  0x000000000800c8c0       0x40 c:/devkitpro/devkitarm/bin/../lib/gcc/arm-none-eabi/11.1.0/../../../../arm-none-eabi/lib/thumb\libg.a(lib_a-stdio.o)
                0x000000000800c8c0                __sseek
 .text.__sclose
                0x000000000800c900       0x10 c:/devkitpro/devkitarm/bin/../lib/gcc/arm-none-eabi/11.1.0/../../../../arm-none-eabi/lib/thumb\libg.a(lib_a-stdio.o)
                0x000000000800c900                __sclose
 .text.strlen   0x000000000800c910       0x60 c:/devkitpro/devkitarm/bin/../lib/gcc/arm-none-eabi/11.1.0/../../../../arm-none-eabi/lib/thumb\libg.a(lib_a-strlen-stub.o)
                0x000000000800c910                strlen
 .text.strncpy  0x000000000800c970       0x74 c:/devkitpro/devkitarm/bin/../lib/gcc/arm-none-eabi/11.1.0/../../../../arm-none-eabi/lib/thumb\libg.a(lib_a-strncpy.o)
                0x000000000800c970                strncpy
 .text._strtol_l.part.0
                0x000000000800c9e4      0x144 c:/devkitpro/devkitarm/bin/../lib/gcc/arm-none-eabi/11.1.0/../../../../arm-none-eabi/lib/thumb\libg.a(lib_a-strtol.o)
 .text._strtol_r
                0x000000000800cb28       0x20 c:/devkitpro/devkitarm/bin/../lib/gcc/arm-none-eabi/11.1.0/../../../../arm-none-eabi/lib/thumb\libg.a(lib_a-strtol.o)
                0x000000000800cb28                _strtol_r
 .text.strtol   0x000000000800cb48       0x30 c:/devkitpro/devkitarm/bin/../lib/gcc/arm-none-eabi/11.1.0/../../../../arm-none-eabi/lib/thumb\libg.a(lib_a-strtol.o)
                0x000000000800cb48                strtol
 .text.get_arg  0x000000000800cb78       0x32 c:/devkitpro/devkitarm/bin/../lib/gcc/arm-none-eabi/11.1.0/../../../../arm-none-eabi/lib/thumb\libg.a(lib_a-svfiscanf.o)
 .text._sungetc_r
                0x000000000800cbaa       0x7e c:/devkitpro/devkitarm/bin/../lib/gcc/arm-none-eabi/11.1.0/../../../../arm-none-eabi/lib/thumb\libg.a(lib_a-svfiscanf.o)
                0x000000000800cbaa                _sungetc_r
 .text.__ssrefill_r
                0x000000000800cc28       0x42 c:/devkitpro/devkitarm/bin/../lib/gcc/arm-none-eabi/11.1.0/../../../../arm-none-eabi/lib/thumb\libg.a(lib_a-svfiscanf.o)
                0x000000000800cc28                __ssrefill_r
 .text._sfread_r
                0x000000000800cc6a       0x88 c:/devkitpro/devkitarm/bin/../lib/gcc/arm-none-eabi/11.1.0/../../../../arm-none-eabi/lib/thumb\libg.a(lib_a-svfiscanf.o)
                0x000000000800cc6a                _sfread_r
 *fill*         0x000000000800ccf2        0x2 ff
 .text.__ssvfiscanf_r
                0x000000000800ccf4     0x1a04 c:/devkitpro/devkitarm/bin/../lib/gcc/arm-none-eabi/11.1.0/../../../../arm-none-eabi/lib/thumb\libg.a(lib_a-svfiscanf.o)
                0x000000000800ccf4                __ssvfiscanf_r
 .text.__submore
                0x000000000800e6f8       0x88 c:/devkitpro/devkitarm/bin/../lib/gcc/arm-none-eabi/11.1.0/../../../../arm-none-eabi/lib/thumb\libg.a(lib_a-ungetc.o)
                0x000000000800e6f8                __submore
 .text.get_arg  0x000000000800e780      0x400 c:/devkitpro/devkitarm/bin/../lib/gcc/arm-none-eabi/11.1.0/../../../../arm-none-eabi/lib/thumb\libg.a(lib_a-vfiprintf.o)
 .text.__sprint_r
                0x000000000800eb80       0x24 c:/devkitpro/devkitarm/bin/../lib/gcc/arm-none-eabi/11.1.0/../../../../arm-none-eabi/lib/thumb\libg.a(lib_a-vfiprintf.o)
                0x000000000800eb80                __sprint_r
 .text._vfiprintf_r
                0x000000000800eba4     0x1710 c:/devkitpro/devkitarm/bin/../lib/gcc/arm-none-eabi/11.1.0/../../../../arm-none-eabi/lib/thumb\libg.a(lib_a-vfiprintf.o)
                0x000000000800eba4                _vfiprintf_r
 .text.__sbprintf
                0x00000000080102b4       0x8c c:/devkitpro/devkitarm/bin/../lib/gcc/arm-none-eabi/11.1.0/../../../../arm-none-eabi/lib/thumb\libg.a(lib_a-vfiprintf.o)
 .text._wcrtomb_r
                0x0000000008010340       0x5c c:/devkitpro/devkitarm/bin/../lib/gcc/arm-none-eabi/11.1.0/../../../../arm-none-eabi/lib/thumb\libg.a(lib_a-wcrtomb.o)
                0x0000000008010340                _wcrtomb_r
 .text._wcsrtombs_r
                0x000000000801039c       0x1c c:/devkitpro/devkitarm/bin/../lib/gcc/arm-none-eabi/11.1.0/../../../../arm-none-eabi/lib/thumb\libg.a(lib_a-wcsrtombs.o)
                0x000000000801039c                _wcsrtombs_r
 .text.__swsetup_r
                0x00000000080103b8       0xe4 c:/devkitpro/devkitarm/bin/../lib/gcc/arm-none-eabi/11.1.0/../../../../arm-none-eabi/lib/thumb\libg.a(lib_a-wsetup.o)
                0x00000000080103b8                __swsetup_r
 .text.__errno  0x000000000801049c        0xc c:/devkitpro/devkitarm/bin/../lib/gcc/arm-none-eabi/11.1.0/../../../../arm-none-eabi/lib/thumb\libg.a(lib_a-errno.o)
                0x000000000801049c                __errno
 .text.__sflush_r
                0x00000000080104a8      0x1c0 c:/devkitpro/devkitarm/bin/../lib/gcc/arm-none-eabi/11.1.0/../../../../arm-none-eabi/lib/thumb\libg.a(lib_a-fflush.o)
                0x00000000080104a8                __sflush_r
 .text._fflush_r
                0x0000000008010668       0x70 c:/devkitpro/devkitarm/bin/../lib/gcc/arm-none-eabi/11.1.0/../../../../arm-none-eabi/lib/thumb\libg.a(lib_a-fflush.o)
                0x0000000008010668                _fflush_r
 .text._cleanup_r
                0x00000000080106d8       0x14 c:/devkitpro/devkitarm/bin/../lib/gcc/arm-none-eabi/11.1.0/../../../../arm-none-eabi/lib/thumb\libg.a(lib_a-findfp.o)
                0x00000000080106d8                _cleanup_r
 .text.__sinit  0x00000000080106ec      0x124 c:/devkitpro/devkitarm/bin/../lib/gcc/arm-none-eabi/11.1.0/../../../../arm-none-eabi/lib/thumb\libg.a(lib_a-findfp.o)
                0x00000000080106ec                __sinit
 .text.__sfp_lock_acquire
                0x0000000008010810       0x14 c:/devkitpro/devkitarm/bin/../lib/gcc/arm-none-eabi/11.1.0/../../../../arm-none-eabi/lib/thumb\libg.a(lib_a-findfp.o)
                0x0000000008010810                __sfp_lock_acquire
 .text.__sfp_lock_release
                0x0000000008010824       0x14 c:/devkitpro/devkitarm/bin/../lib/gcc/arm-none-eabi/11.1.0/../../../../arm-none-eabi/lib/thumb\libg.a(lib_a-findfp.o)
                0x0000000008010824                __sfp_lock_release
 .text._malloc_trim_r
                0x0000000008010838       0xa0 c:/devkitpro/devkitarm/bin/../lib/gcc/arm-none-eabi/11.1.0/../../../../arm-none-eabi/lib/thumb\libg.a(lib_a-freer.o)
                0x0000000008010838                _malloc_trim_r
 .text._free_r  0x00000000080108d8      0x1d8 c:/devkitpro/devkitarm/bin/../lib/gcc/arm-none-eabi/11.1.0/../../../../arm-none-eabi/lib/thumb\libg.a(lib_a-freer.o)
                0x00000000080108d8                _free_r
 .text.__sfvwrite_r
                0x0000000008010ab0      0x34c c:/devkitpro/devkitarm/bin/../lib/gcc/arm-none-eabi/11.1.0/../../../../arm-none-eabi/lib/thumb\libg.a(lib_a-fvwrite.o)
                0x0000000008010ab0                __sfvwrite_r
 .text._fwalk_reent
                0x0000000008010dfc       0x50 c:/devkitpro/devkitarm/bin/../lib/gcc/arm-none-eabi/11.1.0/../../../../arm-none-eabi/lib/thumb\libg.a(lib_a-fwalk.o)
                0x0000000008010dfc                _fwalk_reent
 .text.iswspace
                0x0000000008010e4c       0x10 c:/devkitpro/devkitarm/bin/../lib/gcc/arm-none-eabi/11.1.0/../../../../arm-none-eabi/lib/thumb\libg.a(lib_a-iswspace.o)
                0x0000000008010e4c                iswspace
 .text._localeconv_r
                0x0000000008010e5c        0x8 c:/devkitpro/devkitarm/bin/../lib/gcc/arm-none-eabi/11.1.0/../../../../arm-none-eabi/lib/thumb\libg.a(lib_a-localeconv.o)
                0x0000000008010e5c                _localeconv_r
 .text.__locale_mb_cur_max
                0x0000000008010e64       0x10 c:/devkitpro/devkitarm/bin/../lib/gcc/arm-none-eabi/11.1.0/../../../../arm-none-eabi/lib/thumb\libg.a(lib_a-locale.o)
                0x0000000008010e64                __locale_mb_cur_max
 .text.__smakebuf_r
                0x0000000008010e74       0xec c:/devkitpro/devkitarm/bin/../lib/gcc/arm-none-eabi/11.1.0/../../../../arm-none-eabi/lib/thumb\libg.a(lib_a-makebuf.o)
                0x0000000008010e74                __smakebuf_r
 .text.__swhatbuf_r
                0x0000000008010f60       0x5c c:/devkitpro/devkitarm/bin/../lib/gcc/arm-none-eabi/11.1.0/../../../../arm-none-eabi/lib/thumb\libg.a(lib_a-makebuf.o)
                0x0000000008010f60                __swhatbuf_r
 .text.malloc   0x0000000008010fbc       0x14 c:/devkitpro/devkitarm/bin/../lib/gcc/arm-none-eabi/11.1.0/../../../../arm-none-eabi/lib/thumb\libg.a(lib_a-malloc.o)
                0x0000000008010fbc                malloc
 .text.free     0x0000000008010fd0       0x14 c:/devkitpro/devkitarm/bin/../lib/gcc/arm-none-eabi/11.1.0/../../../../arm-none-eabi/lib/thumb\libg.a(lib_a-malloc.o)
                0x0000000008010fd0                free
 .text._malloc_r
                0x0000000008010fe4      0x58c c:/devkitpro/devkitarm/bin/../lib/gcc/arm-none-eabi/11.1.0/../../../../arm-none-eabi/lib/thumb\libg.a(lib_a-mallocr.o)
                0x0000000008010fe4                _malloc_r
 .text._mbrtowc_r
                0x0000000008011570       0x60 c:/devkitpro/devkitarm/bin/../lib/gcc/arm-none-eabi/11.1.0/../../../../arm-none-eabi/lib/thumb\libg.a(lib_a-mbrtowc.o)
                0x0000000008011570                _mbrtowc_r
 .text.__utf8_mbtowc
                0x00000000080115d0      0x294 c:/devkitpro/devkitarm/bin/../lib/gcc/arm-none-eabi/11.1.0/../../../../arm-none-eabi/lib/thumb\libg.a(lib_a-mbtowc_r.o)
                0x00000000080115d0                __utf8_mbtowc
 .text.memchr   0x0000000008011864       0x78 c:/devkitpro/devkitarm/bin/../lib/gcc/arm-none-eabi/11.1.0/../../../../arm-none-eabi/lib/thumb\libg.a(lib_a-memchr-stub.o)
                0x0000000008011864                memchr
 .text.memmove  0x00000000080118dc       0xbc c:/devkitpro/devkitarm/bin/../lib/gcc/arm-none-eabi/11.1.0/../../../../arm-none-eabi/lib/thumb\libg.a(lib_a-memmove.o)
                0x00000000080118dc                memmove
 .text.__malloc_lock
                0x0000000008011998       0x14 c:/devkitpro/devkitarm/bin/../lib/gcc/arm-none-eabi/11.1.0/../../../../arm-none-eabi/lib/thumb\libg.a(lib_a-mlock.o)
                0x0000000008011998                __malloc_lock
 .text.__malloc_unlock
                0x00000000080119ac       0x14 c:/devkitpro/devkitarm/bin/../lib/gcc/arm-none-eabi/11.1.0/../../../../arm-none-eabi/lib/thumb\libg.a(lib_a-mlock.o)
                0x00000000080119ac                __malloc_unlock
 .text.realloc  0x00000000080119c0       0x18 c:/devkitpro/devkitarm/bin/../lib/gcc/arm-none-eabi/11.1.0/../../../../arm-none-eabi/lib/thumb\libg.a(lib_a-realloc.o)
                0x00000000080119c0                realloc
 .text._realloc_r
                0x00000000080119d8      0x380 c:/devkitpro/devkitarm/bin/../lib/gcc/arm-none-eabi/11.1.0/../../../../arm-none-eabi/lib/thumb\libg.a(lib_a-reallocr.o)
                0x00000000080119d8                _realloc_r
 .text.__sccl   0x0000000008011d58       0x90 c:/devkitpro/devkitarm/bin/../lib/gcc/arm-none-eabi/11.1.0/../../../../arm-none-eabi/lib/thumb\libg.a(lib_a-sccl.o)
                0x0000000008011d58                __sccl
 .text          0x0000000008011de8      0x224 c:/devkitpro/devkitarm/bin/../lib/gcc/arm-none-eabi/11.1.0/../../../../arm-none-eabi/lib/thumb\libg.a(lib_a-strcmp.o)
                0x0000000008011de8                strcmp
 .text._strtoll_l.constprop.0
                0x000000000801200c      0x1a4 c:/devkitpro/devkitarm/bin/../lib/gcc/arm-none-eabi/11.1.0/../../../../arm-none-eabi/lib/thumb\libg.a(lib_a-strtoll.o)
 .text._strtoll_r
                0x00000000080121b0        0xc c:/devkitpro/devkitarm/bin/../lib/gcc/arm-none-eabi/11.1.0/../../../../arm-none-eabi/lib/thumb\libg.a(lib_a-strtoll.o)
                0x00000000080121b0                _strtoll_r
 .text._strtoull_l.constprop.0
                0x00000000080121bc      0x1c0 c:/devkitpro/devkitarm/bin/../lib/gcc/arm-none-eabi/11.1.0/../../../../arm-none-eabi/lib/thumb\libg.a(lib_a-strtoull.o)
 .text._strtoull_r
                0x000000000801237c        0xc c:/devkitpro/devkitarm/bin/../lib/gcc/arm-none-eabi/11.1.0/../../../../arm-none-eabi/lib/thumb\libg.a(lib_a-strtoull.o)
                0x000000000801237c                _strtoull_r
 .text._strtoul_l.constprop.0
                0x0000000008012388      0x148 c:/devkitpro/devkitarm/bin/../lib/gcc/arm-none-eabi/11.1.0/../../../../arm-none-eabi/lib/thumb\libg.a(lib_a-strtoul.o)
 .text._strtoul_r
                0x00000000080124d0        0xc c:/devkitpro/devkitarm/bin/../lib/gcc/arm-none-eabi/11.1.0/../../../../arm-none-eabi/lib/thumb\libg.a(lib_a-strtoul.o)
                0x00000000080124d0                _strtoul_r
 .text._wcsnrtombs_l
                0x00000000080124dc      0x110 c:/devkitpro/devkitarm/bin/../lib/gcc/arm-none-eabi/11.1.0/../../../../arm-none-eabi/lib/thumb\libg.a(lib_a-wcsnrtombs.o)
                0x00000000080124dc                _wcsnrtombs_l
 .text._wcsnrtombs_r
                0x00000000080125ec       0x30 c:/devkitpro/devkitarm/bin/../lib/gcc/arm-none-eabi/11.1.0/../../../../arm-none-eabi/lib/thumb\libg.a(lib_a-wcsnrtombs.o)
                0x00000000080125ec                _wcsnrtombs_r
 .text.__utf8_wctomb
                0x000000000801261c       0xb4 c:/devkitpro/devkitarm/bin/../lib/gcc/arm-none-eabi/11.1.0/../../../../arm-none-eabi/lib/thumb\libg.a(lib_a-wctomb_r.o)
                0x000000000801261c                __utf8_wctomb
 .text._fclose_r
                0x00000000080126d0       0xe8 c:/devkitpro/devkitarm/bin/../lib/gcc/arm-none-eabi/11.1.0/../../../../arm-none-eabi/lib/thumb\libg.a(lib_a-fclose.o)
                0x00000000080126d0                _fclose_r
 .text.iswspace_l
                0x00000000080127b8       0x2c c:/devkitpro/devkitarm/bin/../lib/gcc/arm-none-eabi/11.1.0/../../../../arm-none-eabi/lib/thumb\libg.a(lib_a-iswspace_l.o)
                0x00000000080127b8                iswspace_l
 .text.__jp2uc  0x00000000080127e4      0x154 c:/devkitpro/devkitarm/bin/../lib/gcc/arm-none-eabi/11.1.0/../../../../arm-none-eabi/lib/thumb\libg.a(lib_a-jp2uc.o)
 .text._jp2uc_l
                0x0000000008012938       0x6c c:/devkitpro/devkitarm/bin/../lib/gcc/arm-none-eabi/11.1.0/../../../../arm-none-eabi/lib/thumb\libg.a(lib_a-jp2uc.o)
                0x0000000008012938                _jp2uc_l
 .text.category
                0x00000000080129a4       0x54 c:/devkitpro/devkitarm/bin/../lib/gcc/arm-none-eabi/11.1.0/../../../../arm-none-eabi/lib/thumb\libg.a(lib_a-categories.o)
                0x00000000080129a4                category
 .text.null_write
                0x00000000080129f8        0x4 c:/devkitpro/devkitarm/bin/../lib/gcc/arm-none-eabi/11.1.0/../../../../arm-none-eabi/lib/thumb\libsysbase.a(iosupport.o)
 .text._fstat_r
                0x00000000080129fc       0x4c c:/devkitpro/devkitarm/bin/../lib/gcc/arm-none-eabi/11.1.0/../../../../arm-none-eabi/lib/thumb\libsysbase.a(fstat.o)
                0x00000000080129fc                _fstat_r
 .text._isatty_r
                0x0000000008012a48        0x4 c:/devkitpro/devkitarm/bin/../lib/gcc/arm-none-eabi/11.1.0/../../../../arm-none-eabi/lib/thumb\libsysbase.a(isatty.o)
                0x0000000008012a48                _isatty_r
 .text._lseek_r
                0x0000000008012a4c       0x5c c:/devkitpro/devkitarm/bin/../lib/gcc/arm-none-eabi/11.1.0/../../../../arm-none-eabi/lib/thumb\libsysbase.a(lseek.o)
                0x0000000008012a4c                _lseek_r
 .text._read_r  0x0000000008012aa8       0x50 c:/devkitpro/devkitarm/bin/../lib/gcc/arm-none-eabi/11.1.0/../../../../arm-none-eabi/lib/thumb\libsysbase.a(read.o)
                0x0000000008012aa8                _read_r
 .text._sbrk_r  0x0000000008012af8       0x54 c:/devkitpro/devkitarm/bin/../lib/gcc/arm-none-eabi/11.1.0/../../../../arm-none-eabi/lib/thumb\libsysbase.a(sbrk.o)
                0x0000000008012af8                _sbrk_r
 .text._write_r
                0x0000000008012b4c       0x50 c:/devkitpro/devkitarm/bin/../lib/gcc/arm-none-eabi/11.1.0/../../../../arm-none-eabi/lib/thumb\libsysbase.a(write.o)
                0x0000000008012b4c                _write_r
 .text.__flockfile
                0x0000000008012b9c       0x10 c:/devkitpro/devkitarm/bin/../lib/gcc/arm-none-eabi/11.1.0/../../../../arm-none-eabi/lib/thumb\libsysbase.a(flock.o)
                0x0000000008012b9c                __flockfile
 .text.__funlockfile
                0x0000000008012bac       0x10 c:/devkitpro/devkitarm/bin/../lib/gcc/arm-none-eabi/11.1.0/../../../../arm-none-eabi/lib/thumb\libsysbase.a(flock.o)
                0x0000000008012bac                __funlockfile
 .text.__libc_lock_acquire
                0x0000000008012bbc       0x1c c:/devkitpro/devkitarm/bin/../lib/gcc/arm-none-eabi/11.1.0/../../../../arm-none-eabi/lib/thumb\libsysbase.a(syscall_support.o)
                0x0000000008012bbc                __libc_lock_acquire
 .text.__libc_lock_release
                0x0000000008012bd8       0x1c c:/devkitpro/devkitarm/bin/../lib/gcc/arm-none-eabi/11.1.0/../../../../arm-none-eabi/lib/thumb\libsysbase.a(syscall_support.o)
                0x0000000008012bd8                __libc_lock_release
 .text.__libc_lock_init_recursive
                0x0000000008012bf4       0x1c c:/devkitpro/devkitarm/bin/../lib/gcc/arm-none-eabi/11.1.0/../../../../arm-none-eabi/lib/thumb\libsysbase.a(syscall_support.o)
                0x0000000008012bf4                __libc_lock_init_recursive
 .text.__libc_lock_acquire_recursive
                0x0000000008012c10       0x1c c:/devkitpro/devkitarm/bin/../lib/gcc/arm-none-eabi/11.1.0/../../../../arm-none-eabi/lib/thumb\libsysbase.a(syscall_support.o)
                0x0000000008012c10                __libc_lock_acquire_recursive
 .text.__libc_lock_release_recursive
                0x0000000008012c2c       0x1c c:/devkitpro/devkitarm/bin/../lib/gcc/arm-none-eabi/11.1.0/../../../../arm-none-eabi/lib/thumb\libsysbase.a(syscall_support.o)
                0x0000000008012c2c                __libc_lock_release_recursive
 .text.__libc_lock_close_recursive
                0x0000000008012c48       0x1c c:/devkitpro/devkitarm/bin/../lib/gcc/arm-none-eabi/11.1.0/../../../../arm-none-eabi/lib/thumb\libsysbase.a(syscall_support.o)
                0x0000000008012c48                __libc_lock_close_recursive
 .text.__get_handle
                0x0000000008012c64       0x34 c:/devkitpro/devkitarm/bin/../lib/gcc/arm-none-eabi/11.1.0/../../../../arm-none-eabi/lib/thumb\libsysbase.a(handle_manager.o)
                0x0000000008012c64                __get_handle
 .text._close_r
                0x0000000008012c98       0xb8 c:/devkitpro/devkitarm/bin/../lib/gcc/arm-none-eabi/11.1.0/../../../../arm-none-eabi/lib/thumb\libsysbase.a(handle_manager.o)
                0x0000000008012c98                _close_r
 .text.__getreent
                0x0000000008012d50       0x28 c:/devkitpro/devkitarm/bin/../lib/gcc/arm-none-eabi/11.1.0/../../../../arm-none-eabi/lib/thumb\libsysbase.a(getreent.o)
                0x0000000008012d50                __getreent
 .text          0x0000000008012d78       0x14 c:/devkitpro/devkitarm/bin/../lib/gcc/arm-none-eabi/11.1.0/thumb\libgcc.a(_thumb1_case_uqi.o)
                0x0000000008012d78                __gnu_thumb1_case_uqi
 .text          0x0000000008012d8c       0x14 c:/devkitpro/devkitarm/bin/../lib/gcc/arm-none-eabi/11.1.0/thumb\libgcc.a(_thumb1_case_uhi.o)
                0x0000000008012d8c                __gnu_thumb1_case_uhi
 .text          0x0000000008012da0       0x3c c:/devkitpro/devkitarm/bin/../lib/gcc/arm-none-eabi/11.1.0/thumb\libgcc.a(_aeabi_uldivmod.o)
                0x0000000008012da0                __aeabi_uldivmod
 .text.__muldi3
                0x0000000008012ddc       0x54 c:/devkitpro/devkitarm/bin/../lib/gcc/arm-none-eabi/11.1.0/thumb\libgcc.a(_muldi3.o)
                0x0000000008012ddc                __muldi3
                0x0000000008012ddc                __aeabi_lmul
 .text.__udivmoddi4
                0x0000000008012e30      0x19c c:/devkitpro/devkitarm/bin/../lib/gcc/arm-none-eabi/11.1.0/thumb\libgcc.a(_udivmoddi4.o)
                0x0000000008012e30                __udivmoddi4
 .text          0x0000000008012fcc       0x28 c:/devkitpro/devkitarm/bin/../lib/gcc/arm-none-eabi/11.1.0/thumb\libgcc.a(_clzdi2.o)
                0x0000000008012fcc                __clzdi2
 .text          0x0000000008012ff4       0x48 c:/devkitpro/devkitarm/bin/../lib/gcc/arm-none-eabi/11.1.0/thumb\libgcc.a(_clzsi2.o)
                0x0000000008012ff4                __clzsi2
 *fill*         0x000000000801303c        0x4 ff
 .text.__stub   0x0000000008013040       0xcc linker stubs
 *(.gnu.linkonce.t.*)
 *(.text.*personality*)
 *(.gnu.warning)
 *(.glue_7t)
 .glue_7t       0x0000000008013120        0x0 linker stubs
 *(.glue_7)
 .glue_7        0x0000000008013120        0x0 linker stubs
 *(.vfp11_veneer)
 .vfp11_veneer  0x0000000008013120        0x0 linker stubs
                0x0000000008013120                . = ALIGN (0x4)
                0x0000000008013120                __text_end = .

.v4_bx          0x0000000008013120        0x0
 .v4_bx         0x0000000008013120        0x0 linker stubs

.iplt           0x0000000008013120        0x0
 .iplt          0x0000000008013120        0x0 c:/devkitpro/devkitarm/bin/../lib/gcc/arm-none-eabi/11.1.0/../../../../arm-none-eabi/lib/thumb/gba_crt0.o

.fini           0x0000000008013120        0xc
 *(.fini)
 .fini          0x0000000008013120        0x4 c:/devkitpro/devkitarm/bin/../lib/gcc/arm-none-eabi/11.1.0/thumb/crti.o
                0x0000000008013120                _fini
 .fini          0x0000000008013124        0x8 c:/devkitpro/devkitarm/bin/../lib/gcc/arm-none-eabi/11.1.0/thumb/crtn.o
                0x000000000801312c                . = ALIGN (0x4)

.rodata         0x0000000008013130   0x25fb44
 *(.rodata)
 .rodata        0x0000000008013130      0x3a4 main.o
 .rodata        0x00000000080134d4     0x4ac0 Balloon2.o
                0x00000000080134d4                Balloon2Pal
                0x00000000080136d4                Balloon2Map
                0x00000000080146d4                Balloon2Tiles
 .rodata        0x0000000008017f94      0xa00 bar.o
                0x0000000008017f94                barPal
                0x0000000008018194                barTiles
 .rodata        0x0000000008018994     0x1a00 BGback2.o
                0x0000000008018994                BGback2Pal
                0x0000000008018b94                BGback2Map
                0x0000000008019b94                BGback2Tiles
 .rodata        0x000000000801a394     0x4200 BGfront3.o
                0x000000000801a394                BGfront3Pal
                0x000000000801a594                BGfront3Map
                0x000000000801b594                BGfront3Tiles
 .rodata        0x000000000801e594     0x5140 BGmid2.o
                0x000000000801e594                BGmid2Pal
                0x000000000801e794                BGmid2Map
                0x000000000801f794                BGmid2Tiles
 .rodata        0x00000000080236d4      0x600 Crash.o
                0x00000000080236d4                CrashPal
                0x00000000080238d4                CrashTiles
 .rodata        0x0000000008023cd4      0x400 Icons.o
                0x0000000008023cd4                IconsPal
                0x0000000008023ed4                IconsTiles
 .rodata        0x00000000080240d4      0x900 LevelEnd2.o
                0x00000000080240d4                LevelEnd2Pal
                0x00000000080242d4                LevelEnd2Tiles
 .rodata        0x00000000080249d4      0x800 LevelEnd3.o
                0x00000000080249d4                LevelEnd3Pal
                0x0000000008024bd4                LevelEnd3Tiles
 .rodata        0x00000000080251d4      0x400 lightning.o
                0x00000000080251d4                lightningPal
                0x00000000080253d4                lightningTiles
 .rodata        0x00000000080255d4      0x700 Numbers.o
                0x00000000080255d4                NumbersPal
                0x00000000080257d4                NumbersTiles
 .rodata        0x0000000008025cd4     0x2600 RainbowdashFB.o
                0x0000000008025cd4                RainbowdashFBPal
                0x0000000008025ed4                RainbowdashFBTiles
 .rodata        0x00000000080282d4     0x1a00 RainCloud.o
                0x00000000080282d4                RainCloudPal
                0x00000000080284d4                RainCloudTiles
 .rodata        0x0000000008029cd4     0x1200 Shock.o
                0x0000000008029cd4                ShockPal
                0x0000000008029ed4                ShockTiles
 .rodata        0x000000000802aed4      0x400 shot.o
                0x000000000802aed4                shotPal
                0x000000000802b0d4                shotTiles
 .rodata        0x000000000802b2d4     0x6200 TitleV2.o
                0x000000000802b2d4                TitleV2Pal
                0x000000000802b4d4                TitleV2Tiles
 .rodata        0x00000000080314d4   0x2340a9 D:/Documents/GBA_Projects/RainbowDashEmUp/AAS_Data.o
                0x00000000080314d4                AAS_data_v113
                0x00000000080314d8                AAS_DATA_SFX_START_aagh
                0x00000000080314dc                AAS_DATA_SFX_END_aagh
                0x00000000080314e0                AAS_DATA_SFX_START_AnotherStormAbated
                0x00000000080314e4                AAS_DATA_SFX_END_AnotherStormAbated
                0x00000000080314e8                AAS_DATA_SFX_START_Applejack
                0x00000000080314ec                AAS_DATA_SFX_END_Applejack
                0x00000000080314f0                AAS_DATA_SFX_START_BeepBopBoop
                0x00000000080314f4                AAS_DATA_SFX_END_BeepBopBoop
                0x00000000080314f8                AAS_DATA_SFX_START_Booyah3
                0x00000000080314fc                AAS_DATA_SFX_END_Booyah3
                0x0000000008031500                AAS_DATA_SFX_START_ClearSkies2
                0x0000000008031504                AAS_DATA_SFX_END_ClearSkies2
                0x0000000008031508                AAS_DATA_SFX_START_CloudPuff
                0x000000000803150c                AAS_DATA_SFX_END_CloudPuff
                0x0000000008031510                AAS_DATA_SFX_START_DangIt
                0x0000000008031514                AAS_DATA_SFX_END_DangIt
                0x0000000008031518                AAS_DATA_SFX_START_Drats
                0x000000000803151c                AAS_DATA_SFX_END_Drats
                0x0000000008031520                AAS_DATA_SFX_START_Fluttershy
                0x0000000008031524                AAS_DATA_SFX_END_Fluttershy
                0x0000000008031528                AAS_DATA_SFX_START_GoodJob
                0x000000000803152c                AAS_DATA_SFX_END_GoodJob
                0x0000000008031530                AAS_DATA_SFX_START_LetsDoThis
                0x0000000008031534                AAS_DATA_SFX_END_LetsDoThis
                0x0000000008031538                AAS_DATA_SFX_START_LetsDoThis1
                0x000000000803153c                AAS_DATA_SFX_END_LetsDoThis1
                0x0000000008031540                AAS_DATA_SFX_START_LetsDoThis2
                0x0000000008031544                AAS_DATA_SFX_END_LetsDoThis2
                0x0000000008031548                AAS_DATA_SFX_START_LetsDoThis3
                0x000000000803154c                AAS_DATA_SFX_END_LetsDoThis3
                0x0000000008031550                AAS_DATA_SFX_START_LetsDoThis4
                0x0000000008031554                AAS_DATA_SFX_END_LetsDoThis4
                0x0000000008031558                AAS_DATA_SFX_START_MLPthemeIntro
                0x000000000803155c                AAS_DATA_SFX_END_MLPthemeIntro
                0x0000000008031560                AAS_DATA_SFX_START_MLPthemeLoop
                0x0000000008031564                AAS_DATA_SFX_END_MLPthemeLoop
                0x0000000008031568                AAS_DATA_SFX_START_NewRecord
                0x000000000803156c                AAS_DATA_SFX_END_NewRecord
                0x0000000008031570                AAS_DATA_SFX_START_NotKonamiGame
                0x0000000008031574                AAS_DATA_SFX_END_NotKonamiGame
                0x0000000008031578                AAS_DATA_SFX_START_Pinkie
                0x000000000803157c                AAS_DATA_SFX_END_Pinkie
                0x0000000008031580                AAS_DATA_SFX_START_Rarity
                0x0000000008031584                AAS_DATA_SFX_END_Rarity
                0x0000000008031588                AAS_DATA_SFX_START_Spike
                0x000000000803158c                AAS_DATA_SFX_END_Spike
                0x0000000008031590                AAS_DATA_SFX_START_StormcloudDefeated
                0x0000000008031594                AAS_DATA_SFX_END_StormcloudDefeated
                0x0000000008031598                AAS_DATA_SFX_START_SuperExtra
                0x000000000803159c                AAS_DATA_SFX_END_SuperExtra
                0x00000000080315a0                AAS_DATA_SFX_START_ThatWasAwesome
                0x00000000080315a4                AAS_DATA_SFX_END_ThatWasAwesome
                0x00000000080315a8                AAS_DATA_SFX_START_Twilight
                0x00000000080315ac                AAS_DATA_SFX_END_Twilight
                0x00000000080315b0                AAS_DATA_SFX_START_Zap
                0x00000000080315b4                AAS_DATA_SFX_END_Zap
                0x00000000080315b8                AAS_DATA_SFX_START_Zap2
                0x00000000080315bc                AAS_DATA_SFX_END_Zap2
                0x00000000080315c0                AAS_DATA_NUM_MODS
                0x00000000080315c4                AAS_Sequence
                0x00000000080315c4                AAS_SampleData
                0x00000000080315c4                AAS_NumChans
                0x00000000080315c4                AAS_ModSamples
                0x00000000080315c4                AAS_RestartPos
                0x000000000826557c                AAS_PatternData
 *fill*         0x000000000826557d        0x3 ff
 .rodata        0x0000000008265580       0x38 C:/devkitPro/libtonc/lib\libtonc.a(tonc_irq.o)
 .rodata        0x00000000082655b8      0x1f0 C:/devkitPro/libtonc/lib\libtonc.a(tte_main.o)
 .rodata        0x00000000082657a8      0x1b4 C:/devkitPro/libtonc/lib\libtonc.a(tte_iohook.o)
                0x000000000826587c                tte_dotab_stdout
                0x00000000082658ec                tte_dotab_nocash
 .rodata        0x000000000826595c      0x318 C:/devkitPro/libtonc/lib\libtonc.a(sys8.o)
                0x000000000826595c                sys8Font
                0x0000000008265974                sys8Glyphs
 .rodata        0x0000000008265c74       0x1c C:/devkitPro/libtonc/lib\libtonc.a(tonc_surface.o)
 .rodata        0x0000000008265c90      0x2ac ../aas/lib\libAAS.a(AAS_Main.o)
                0x0000000008265cbc                AAS_zero_vols
 .rodata        0x0000000008265f3c       0x7c ../aas/lib\libAAS.a(AAS_MOD.o)
 .rodata        0x0000000008265fb8     0x5814 ../aas/lib\libAAS.a(AAS_Shared.o)
                0x0000000008265fb8                AAS_sin
                0x0000000008265ff8                AAS_tick_rate
                0x000000000826604c                AAS_period_table
                0x00000000082667cc                AAS_MOD_period_conv_table
                0x00000000082677cc                AAS_DivTable
 *all.rodata*(*)
 *(.roda)
 *(.rodata.*)
 .rodata.str1.4
                0x000000000826b7cc      0x799 main.o
 *fill*         0x000000000826bf65        0x3 ff
 .rodata.str1.4
                0x000000000826bf68       0x3b C:/devkitPro/libtonc/lib\libtonc.a(tte_iohook.o)
 *fill*         0x000000000826bfa3        0x1 ff
 .rodata.npio2_hw
                0x000000000826bfa4       0x80 c:/devkitpro/devkitarm/bin/../lib/gcc/arm-none-eabi/11.1.0/../../../../arm-none-eabi/lib/thumb\libm.a(lib_a-e_rem_pio2.o)
 .rodata.two_over_pi
                0x000000000826c024      0x108 c:/devkitpro/devkitarm/bin/../lib/gcc/arm-none-eabi/11.1.0/../../../../arm-none-eabi/lib/thumb\libm.a(lib_a-e_rem_pio2.o)
 *fill*         0x000000000826c12c        0x4 ff
 .rodata.PIo2   0x000000000826c130       0x40 c:/devkitpro/devkitarm/bin/../lib/gcc/arm-none-eabi/11.1.0/../../../../arm-none-eabi/lib/thumb\libm.a(lib_a-k_rem_pio2.o)
 .rodata.init_jk
                0x000000000826c170       0x10 c:/devkitpro/devkitarm/bin/../lib/gcc/arm-none-eabi/11.1.0/../../../../arm-none-eabi/lib/thumb\libm.a(lib_a-k_rem_pio2.o)
 .rodata._ctype_
                0x000000000826c180      0x101 c:/devkitpro/devkitarm/bin/../lib/gcc/arm-none-eabi/11.1.0/../../../../arm-none-eabi/lib/thumb\libg.a(lib_a-ctype_.o)
                0x000000000826c180                _ctype_
 *fill*         0x000000000826c281        0x3 ff
 .rodata.basefix.0
                0x000000000826c284       0x22 c:/devkitpro/devkitarm/bin/../lib/gcc/arm-none-eabi/11.1.0/../../../../arm-none-eabi/lib/thumb\libg.a(lib_a-svfiscanf.o)
 .rodata._vfiprintf_r.str1.1
                0x000000000826c2a6       0x29 c:/devkitpro/devkitarm/bin/../lib/gcc/arm-none-eabi/11.1.0/../../../../arm-none-eabi/lib/thumb\libg.a(lib_a-vfiprintf.o)
 *fill*         0x000000000826c2cf        0x1 ff
 .rodata.blanks.1
                0x000000000826c2d0       0x10 c:/devkitpro/devkitarm/bin/../lib/gcc/arm-none-eabi/11.1.0/../../../../arm-none-eabi/lib/thumb\libg.a(lib_a-vfiprintf.o)
 .rodata.zeroes.0
                0x000000000826c2e0       0x10 c:/devkitpro/devkitarm/bin/../lib/gcc/arm-none-eabi/11.1.0/../../../../arm-none-eabi/lib/thumb\libg.a(lib_a-vfiprintf.o)
 .rodata.str1.4
                0x000000000826c2f0       0x48 c:/devkitpro/devkitarm/bin/../lib/gcc/arm-none-eabi/11.1.0/../../../../arm-none-eabi/lib/thumb\libg.a(lib_a-locale.o)
                                         0x4c (size before relaxing)
 .rodata._mbrtowc_r.str1.4
                0x000000000826c338        0x1 c:/devkitpro/devkitarm/bin/../lib/gcc/arm-none-eabi/11.1.0/../../../../arm-none-eabi/lib/thumb\libg.a(lib_a-mbrtowc.o)
 .rodata.__action_table
                0x000000000826c338       0x6c c:/devkitpro/devkitarm/bin/../lib/gcc/arm-none-eabi/11.1.0/../../../../arm-none-eabi/lib/thumb\libg.a(lib_a-svfiprintf.o)
                0x000000000826c338                __action_table
 .rodata.__chclass
                0x000000000826c3a4      0x100 c:/devkitpro/devkitarm/bin/../lib/gcc/arm-none-eabi/11.1.0/../../../../arm-none-eabi/lib/thumb\libg.a(lib_a-svfiprintf.o)
                0x000000000826c3a4                __chclass
 .rodata.__state_table
                0x000000000826c4a4       0x6c c:/devkitpro/devkitarm/bin/../lib/gcc/arm-none-eabi/11.1.0/../../../../arm-none-eabi/lib/thumb\libg.a(lib_a-svfiprintf.o)
                0x000000000826c4a4                __state_table
 .rodata.__jp2uc
                0x000000000826c510       0x20 c:/devkitpro/devkitarm/bin/../lib/gcc/arm-none-eabi/11.1.0/../../../../arm-none-eabi/lib/thumb\libg.a(lib_a-jp2uc.o)
 .rodata._jp2uc_l.str1.4
                0x000000000826c530       0x12 c:/devkitpro/devkitarm/bin/../lib/gcc/arm-none-eabi/11.1.0/../../../../arm-none-eabi/lib/thumb\libg.a(lib_a-jp2uc.o)
 *fill*         0x000000000826c542        0x2 ff
 .rodata.a1     0x000000000826c544       0xbc c:/devkitpro/devkitarm/bin/../lib/gcc/arm-none-eabi/11.1.0/../../../../arm-none-eabi/lib/thumb\libg.a(lib_a-jp2uc.o)
 .rodata.a2     0x000000000826c600       0xbc c:/devkitpro/devkitarm/bin/../lib/gcc/arm-none-eabi/11.1.0/../../../../arm-none-eabi/lib/thumb\libg.a(lib_a-jp2uc.o)
 .rodata.a3     0x000000000826c6bc       0x5b c:/devkitpro/devkitarm/bin/../lib/gcc/arm-none-eabi/11.1.0/../../../../arm-none-eabi/lib/thumb\libg.a(lib_a-jp2uc.o)
 *fill*         0x000000000826c717        0x1 ff
 .rodata.a6     0x000000000826c718       0x70 c:/devkitpro/devkitarm/bin/../lib/gcc/arm-none-eabi/11.1.0/../../../../arm-none-eabi/lib/thumb\libg.a(lib_a-jp2uc.o)
 .rodata.a7     0x000000000826c788       0xa2 c:/devkitpro/devkitarm/bin/../lib/gcc/arm-none-eabi/11.1.0/../../../../arm-none-eabi/lib/thumb\libg.a(lib_a-jp2uc.o)
 *fill*         0x000000000826c82a        0x2 ff
 .rodata.a8     0x000000000826c82c       0x40 c:/devkitpro/devkitarm/bin/../lib/gcc/arm-none-eabi/11.1.0/../../../../arm-none-eabi/lib/thumb\libg.a(lib_a-jp2uc.o)
 .rodata.b02cf  0x000000000826c86c     0x172a c:/devkitpro/devkitarm/bin/../lib/gcc/arm-none-eabi/11.1.0/../../../../arm-none-eabi/lib/thumb\libg.a(lib_a-jp2uc.o)
 *fill*         0x000000000826df96        0x2 ff
 .rodata.d02f4  0x000000000826df98     0x1a7c c:/devkitpro/devkitarm/bin/../lib/gcc/arm-none-eabi/11.1.0/../../../../arm-none-eabi/lib/thumb\libg.a(lib_a-jp2uc.o)
 .rodata.categories
                0x000000000826fa14     0x31e6 c:/devkitpro/devkitarm/bin/../lib/gcc/arm-none-eabi/11.1.0/../../../../arm-none-eabi/lib/thumb\libg.a(lib_a-categories.o)
 *fill*         0x0000000008272bfa        0x2 ff
 .rodata.AddDevice.str1.4
                0x0000000008272bfc        0x8 c:/devkitpro/devkitarm/bin/../lib/gcc/arm-none-eabi/11.1.0/../../../../arm-none-eabi/lib/thumb\libsysbase.a(iosupport.o)
 .rodata.dotab_stdnull
                0x0000000008272c04       0x70 c:/devkitpro/devkitarm/bin/../lib/gcc/arm-none-eabi/11.1.0/../../../../arm-none-eabi/lib/thumb\libsysbase.a(iosupport.o)
                0x0000000008272c04                dotab_stdnull
 *(.gnu.linkonce.r*)
                0x0000000008272c74                . = ALIGN (0x4)

.ARM.extab
 *(.ARM.extab* .gnu.linkonce.armextab.*)
                0x0000000008272c74                __exidx_start = .

.ARM.exidx
 *(.ARM.exidx* .gnu.linkonce.armexidx.*)
                0x0000000008272c74                __exidx_end = .

.ctors          0x0000000008272c74        0x0
 *crtbegin.o(.ctors)
 *(EXCLUDE_FILE(*crtend.o) .ctors)
 *(SORT_BY_NAME(.ctors.*))
 *(.ctors)
                0x0000000008272c74                . = ALIGN (0x4)

.dtors          0x0000000008272c74        0x0
 *crtbegin.o(.dtors)
 *(EXCLUDE_FILE(*crtend.o) .dtors)
 *(SORT_BY_NAME(.dtors.*))
 *(.dtors)
                0x0000000008272c74                . = ALIGN (0x4)

.eh_frame       0x0000000008272c74        0x4
 *(.eh_frame)
 .eh_frame      0x0000000008272c74        0x0 c:/devkitpro/devkitarm/bin/../lib/gcc/arm-none-eabi/11.1.0/thumb/crtbegin.o
 .eh_frame      0x0000000008272c74        0x4 c:/devkitpro/devkitarm/bin/../lib/gcc/arm-none-eabi/11.1.0/thumb/crtend.o
                0x0000000008272c78                . = ALIGN (0x4)

.rel.dyn        0x0000000008272c78        0x0
 .rel.iplt      0x0000000008272c78        0x0 c:/devkitpro/devkitarm/bin/../lib/gcc/arm-none-eabi/11.1.0/../../../../arm-none-eabi/lib/thumb/gba_crt0.o

.gcc_except_table
                0x0000000008272c78        0x0
 *(.gcc_except_table)
                0x0000000008272c78                . = ALIGN (0x4)
                0x0000000008272c78                __iwram_lma = .

.iwram          0x0000000003000000      0xdfc load address 0x0000000008272c78
                0x0000000003000000                __iwram_start__ = ABSOLUTE (.)
 *(.iwram .iwram*)
 .iwram         0x0000000003000000       0x38 C:/devkitPro/libtonc/lib\libtonc.a(tonc_memcpy.o)
                0x0000000003000000                memcpy32
 .iwram         0x0000000003000038       0xa4 C:/devkitPro/libtonc/lib\libtonc.a(tonc_isr_master.o)
                0x0000000003000038                isr_master
 .iwram         0x00000000030000dc       0x4c C:/devkitPro/libtonc/lib\libtonc.a(tonc_memset.o)
                0x00000000030000dc                memset32
 .iwram         0x0000000003000128        0x2 ../aas/lib\libAAS.a(AAS_Shared.o)
                0x0000000003000128                AAS_changed
 *fill*         0x000000000300012a        0x2 ff
 .iwram         0x000000000300012c      0xcd0 ../aas/lib\libAAS.a(AAS_Mixer.o)
                0x0000000003000158                AAS_MixAudio_NoChange
                0x0000000003000188                AAS_MixAudio
                0x0000000003000194                _AAS_MixAudio_mod1
                0x000000000300019c                _AAS_MixAudio_mod5
                0x0000000003000374                _AAS_MixAudio_mod3
                0x000000000300040c                _AAS_MixAudio_mod6
                0x000000000300048c                _AAS_MixAudio_mod2
                0x00000000030004bc                _AAS_MixAudio_mod7
                0x000000000300053c                _AAS_MixAudio_mod8
                0x00000000030005b8                _AAS_MixAudio_mod4
 *iwram.*(.text* .data*)
                0x0000000003000dfc                . = ALIGN (0x4)
                0x0000000003000dfc                __iwram_end__ = ABSOLUTE (.)
                0x0000000008273a74                __data_lma = (__iwram_lma + SIZEOF (.iwram))

.bss            0x0000000003000dfc      0x5a8
                0x0000000003000dfc                __bss_start = ABSOLUTE (.)
                0x0000000003000dfc                __bss_start__ = ABSOLUTE (.)
 *(.dynbss)
 *(.gnu.linkonce.b*)
 *(.bss*)
 .bss.completed.1
                0x0000000003000dfc        0x1 c:/devkitpro/devkitarm/bin/../lib/gcc/arm-none-eabi/11.1.0/thumb/crtbegin.o
 *fill*         0x0000000003000dfd        0x3 
 .bss.object.0  0x0000000003000e00       0x18 c:/devkitpro/devkitarm/bin/../lib/gcc/arm-none-eabi/11.1.0/thumb/crtbegin.o
 .bss           0x0000000003000e18      0x43c main.o
                0x0000000003000e18                AppearanceCtr
                0x0000000003000e1c                BalloonAppearance
                0x0000000003000e20                BossEnabled
                0x0000000003000e24                BossHealth
                0x0000000003000e28                score
                0x0000000003000e2c                iframes
                0x0000000003000e30                Bounciness
                0x0000000003000e34                BossLightningFrequency
                0x0000000003000e38                BossSpeed
                0x0000000003000e3c                BLFCTR
                0x0000000003000e40                MainMenuBreak
                0x0000000003000e44                PhaseActive
                0x0000000003000e48                PhaseDelay
                0x0000000003000e4c                PhaseCounter
                0x0000000003000e50                KCode
                0x0000000003000e54                obj_buffer
 .bss           0x0000000003001254        0x4 C:/devkitPro/libtonc/lib\libtonc.a(tonc_input.o)
                0x0000000003001254                __key_curr
                0x0000000003001256                __key_prev
 .bss           0x0000000003001258        0x4 C:/devkitPro/libtonc/lib\libtonc.a(tte_iohook.o)
 .bss.__malloc_current_mallinfo
                0x000000000300125c       0x28 c:/devkitpro/devkitarm/bin/../lib/gcc/arm-none-eabi/11.1.0/../../../../arm-none-eabi/lib/thumb\libg.a(lib_a-mallocr.o)
                0x000000000300125c                __malloc_current_mallinfo
 .bss.__malloc_max_sbrked_mem
                0x0000000003001284        0x4 c:/devkitpro/devkitarm/bin/../lib/gcc/arm-none-eabi/11.1.0/../../../../arm-none-eabi/lib/thumb\libg.a(lib_a-mallocr.o)
                0x0000000003001284                __malloc_max_sbrked_mem
 .bss.__malloc_max_total_mem
                0x0000000003001288        0x4 c:/devkitpro/devkitarm/bin/../lib/gcc/arm-none-eabi/11.1.0/../../../../arm-none-eabi/lib/thumb\libg.a(lib_a-mallocr.o)
                0x0000000003001288                __malloc_max_total_mem
 .bss.__malloc_top_pad
                0x000000000300128c        0x4 c:/devkitpro/devkitarm/bin/../lib/gcc/arm-none-eabi/11.1.0/../../../../arm-none-eabi/lib/thumb\libg.a(lib_a-mallocr.o)
                0x000000000300128c                __malloc_top_pad
 .bss.heap_start.0
                0x0000000003001290        0x4 c:/devkitpro/devkitarm/bin/../lib/gcc/arm-none-eabi/11.1.0/../../../../arm-none-eabi/lib/thumb\libsysbase.a(sbrk.o)
 .bss.fake_heap_end
                0x0000000003001294        0x4 c:/devkitpro/devkitarm/bin/../lib/gcc/arm-none-eabi/11.1.0/../../../../arm-none-eabi/lib/thumb\libsysbase.a(malloc_vars.o)
                0x0000000003001294                fake_heap_end
 .bss.fake_heap_start
                0x0000000003001298        0x4 c:/devkitpro/devkitarm/bin/../lib/gcc/arm-none-eabi/11.1.0/../../../../arm-none-eabi/lib/thumb\libsysbase.a(malloc_vars.o)
                0x0000000003001298                fake_heap_start
 .bss.__syscalls
                0x000000000300129c       0x48 c:/devkitpro/devkitarm/bin/../lib/gcc/arm-none-eabi/11.1.0/../../../../arm-none-eabi/lib/thumb\libsysbase.a(syscall_support.o)
                0x000000000300129c                __syscalls
 *(COMMON)
 COMMON         0x00000000030012e4       0x78 C:/devkitPro/libtonc/lib\libtonc.a(tonc_irq.o)
                0x00000000030012e4                __isr_table
 COMMON         0x000000000300135c       0x48 C:/devkitPro/libtonc/lib\libtonc.a(tte_main.o)
                0x000000000300135c                __tte_main_context
                0x00000000030013a4                . = ALIGN (0x4)
                0x00000000030013a4                __bss_end__ = ABSOLUTE (.)

.data           0x00000000030013a4     0x2148 load address 0x0000000008273a74
                0x00000000030013a4                __data_start__ = ABSOLUTE (.)
 *(.data*)
 .data          0x00000000030013a4      0x67c main.o
                0x00000000030013a4                RD
                0x00000000030013bc                Shot
                0x0000000003001404                BGback
                0x0000000003001414                BGmid
                0x0000000003001424                BGfront
                0x0000000003001434                BGballoon
                0x0000000003001444                Lightning
                0x000000000300148c                LifeNum
                0x00000000030014b0                Shock
                0x00000000030014d4                Scatter2
                0x0000000003001534                L
                0x000000000300157c                E
                0x00000000030015dc                VT
                0x00000000030015f4                T
                0x000000000300160c                N
                0x0000000003001624                D
                0x000000000300163c                S
                0x0000000003001654                S2
                0x000000000300166c                CO
                0x0000000003001684                MP
                0x000000000300169c                AI
                0x00000000030016b4                crash
                0x00000000030016cc                LifeIcon
                0x00000000030016e4                CloudIcon
                0x00000000030016fc                animDelayShock
                0x0000000003001700                Title1A
                0x0000000003001718                Title1B
                0x0000000003001730                Title1C
                0x0000000003001748                Title1D
                0x0000000003001760                Title2A
                0x0000000003001778                Title2B
                0x0000000003001790                music
                0x0000000003001794                Scatter
                0x0000000003001814                Cloud
                0x00000000030018c8                animDelayCloud
                0x00000000030018cc                bar
                0x000000000300198c                CloudNum
                0x0000000003001a1c                obj_aff_buffer
 .data          0x0000000003001a20        0x8 C:/devkitPro/libtonc/lib\libtonc.a(tonc_core.o)
                0x0000000003001a20                __qran_seed
                0x0000000003001a24                vid_page
 .data          0x0000000003001a28        0x8 C:/devkitPro/libtonc/lib\libtonc.a(tonc_input.o)
                0x0000000003001a28                __key_rpt
 .data          0x0000000003001a30        0x4 C:/devkitPro/libtonc/lib\libtonc.a(tte_main.o)
                0x0000000003001a30                gp_tte_context
 .data.__sfp_recursive_mutex
                0x0000000003001a34        0xc c:/devkitpro/devkitarm/bin/../lib/gcc/arm-none-eabi/11.1.0/../../../../arm-none-eabi/lib/thumb\libg.a(lib_a-findfp.o)
 .data.__sinit_recursive_mutex
                0x0000000003001a40        0xc c:/devkitpro/devkitarm/bin/../lib/gcc/arm-none-eabi/11.1.0/../../../../arm-none-eabi/lib/thumb\libg.a(lib_a-findfp.o)
 .data._impure_ptr
                0x0000000003001a4c        0x4 c:/devkitpro/devkitarm/bin/../lib/gcc/arm-none-eabi/11.1.0/../../../../arm-none-eabi/lib/thumb\libg.a(lib_a-impure.o)
                0x0000000003001a4c                _impure_ptr
 .data.impure_data
                0x0000000003001a50      0x460 c:/devkitpro/devkitarm/bin/../lib/gcc/arm-none-eabi/11.1.0/../../../../arm-none-eabi/lib/thumb\libg.a(lib_a-impure.o)
 .data.__global_locale
                0x0000000003001eb0      0x16c c:/devkitpro/devkitarm/bin/../lib/gcc/arm-none-eabi/11.1.0/../../../../arm-none-eabi/lib/thumb\libg.a(lib_a-locale.o)
                0x0000000003001eb0                __global_locale
 .data.__malloc_av_
                0x000000000300201c      0x408 c:/devkitpro/devkitarm/bin/../lib/gcc/arm-none-eabi/11.1.0/../../../../arm-none-eabi/lib/thumb\libg.a(lib_a-mallocr.o)
                0x000000000300201c                __malloc_av_
 .data.__malloc_sbrk_base
                0x0000000003002424        0x4 c:/devkitpro/devkitarm/bin/../lib/gcc/arm-none-eabi/11.1.0/../../../../arm-none-eabi/lib/thumb\libg.a(lib_a-mallocr.o)
                0x0000000003002424                __malloc_sbrk_base
 .data.__malloc_trim_threshold
                0x0000000003002428        0x4 c:/devkitpro/devkitarm/bin/../lib/gcc/arm-none-eabi/11.1.0/../../../../arm-none-eabi/lib/thumb\libg.a(lib_a-mallocr.o)
                0x0000000003002428                __malloc_trim_threshold
 .data.__malloc_recursive_mutex
                0x000000000300242c        0xc c:/devkitpro/devkitarm/bin/../lib/gcc/arm-none-eabi/11.1.0/../../../../arm-none-eabi/lib/thumb\libg.a(lib_a-mlock.o)
 .data.devoptab_list
                0x0000000003002438       0x8c c:/devkitpro/devkitarm/bin/../lib/gcc/arm-none-eabi/11.1.0/../../../../arm-none-eabi/lib/thumb\libsysbase.a(iosupport.o)
                0x0000000003002438                devoptab_list
 .data.__hndl_lock
                0x00000000030024c4        0x4 c:/devkitpro/devkitarm/bin/../lib/gcc/arm-none-eabi/11.1.0/../../../../arm-none-eabi/lib/thumb\libsysbase.a(handle_manager.o)
 .data.__stderr_handle
                0x00000000030024c8        0xc c:/devkitpro/devkitarm/bin/../lib/gcc/arm-none-eabi/11.1.0/../../../../arm-none-eabi/lib/thumb\libsysbase.a(handle_manager.o)
 .data.__stdin_handle
                0x00000000030024d4        0xc c:/devkitpro/devkitarm/bin/../lib/gcc/arm-none-eabi/11.1.0/../../../../arm-none-eabi/lib/thumb\libsysbase.a(handle_manager.o)
 .data.__stdout_handle
                0x00000000030024e0        0xc c:/devkitpro/devkitarm/bin/../lib/gcc/arm-none-eabi/11.1.0/../../../../arm-none-eabi/lib/thumb\libsysbase.a(handle_manager.o)
 .data.handles  0x00000000030024ec     0x1000 c:/devkitpro/devkitarm/bin/../lib/gcc/arm-none-eabi/11.1.0/../../../../arm-none-eabi/lib/thumb\libsysbase.a(handle_manager.o)
 *(.gnu.linkonce.d*)
                0x00000000030034ec                . = ALIGN (0x4)
                0x0000000008275bbc                __preinit_lma = (__data_lma + SIZEOF (.data))

.igot.plt       0x00000000030034ec        0x0 load address 0x0000000008275bbc
 .igot.plt      0x00000000030034ec        0x0 c:/devkitpro/devkitarm/bin/../lib/gcc/arm-none-eabi/11.1.0/../../../../arm-none-eabi/lib/thumb/gba_crt0.o

.preinit_array  0x00000000030034ec        0x0 load address 0x0000000008275bbc
                0x00000000030034ec                __preinit_array_start = ABSOLUTE (.)
 *(.preinit_array)
                0x00000000030034ec                __preinit_array_end = ABSOLUTE (.)
                0x0000000008275bbc                __init_lma = (__preinit_lma + SIZEOF (.preinit_array))

.init_array     0x00000000030034ec        0x4 load address 0x0000000008275bbc
                0x00000000030034ec                __init_array_start = ABSOLUTE (.)
 *(SORT_BY_NAME(.init_array.*))
 *(.init_array)
 .init_array    0x00000000030034ec        0x4 c:/devkitpro/devkitarm/bin/../lib/gcc/arm-none-eabi/11.1.0/thumb/crtbegin.o
                0x00000000030034f0                __init_array_end = ABSOLUTE (.)
                0x0000000008275bc0                __fini_lma = (__init_lma + SIZEOF (.init_array))

.fini_array     0x00000000030034f0        0x4 load address 0x0000000008275bc0
                0x00000000030034f0                __fini_array_start = ABSOLUTE (.)
 *(SORT_BY_NAME(.fini_array.*))
 *(.fini_array)
 .fini_array    0x00000000030034f0        0x4 c:/devkitpro/devkitarm/bin/../lib/gcc/arm-none-eabi/11.1.0/thumb/crtbegin.o
                0x00000000030034f4                __fini_array_end = ABSOLUTE (.)
                0x0000000008275bc4                __jcr_lma = (__fini_lma + SIZEOF (.fini_array))

.jcr            0x00000000030034f4        0x0 load address 0x0000000008275bc4
 *(.jcr)
                0x00000000030034f4                __data_end__ = ABSOLUTE (.)
                0x0000000008275bc4                __iwram_overlay_lma = (__jcr_lma + SIZEOF (.jcr))
                0x00000000030034f4                __iwram_overlay_start = .

.iwram0         0x00000000030034f4        0x0 load address 0x0000000008275bc4
 *(.iwram0)
                0x00000000030034f4                . = ALIGN (0x4)
                0x0000000008275bc4                PROVIDE (__load_start_iwram0 = LOADADDR (.iwram0))
                0x0000000008275bc4                PROVIDE (__load_stop_iwram0 = (LOADADDR (.iwram0) + SIZEOF (.iwram0)))

.iwram1         0x00000000030034f4        0x0
 *(.iwram1)
                0x00000000030034f4                . = ALIGN (0x4)
                [!provide]                        PROVIDE (__load_start_iwram1 = LOADADDR (.iwram1))
                [!provide]                        PROVIDE (__load_stop_iwram1 = (LOADADDR (.iwram1) + SIZEOF (.iwram1)))

.iwram2         0x00000000030034f4        0x0
 *(.iwram2)
                0x00000000030034f4                . = ALIGN (0x4)
                [!provide]                        PROVIDE (__load_start_iwram2 = LOADADDR (.iwram2))
                [!provide]                        PROVIDE (__load_stop_iwram2 = (LOADADDR (.iwram2) + SIZEOF (.iwram2)))

.iwram3         0x00000000030034f4        0x0
 *(.iwram3)
                0x00000000030034f4                . = ALIGN (0x4)
                [!provide]                        PROVIDE (__load_start_iwram3 = LOADADDR (.iwram3))
                [!provide]                        PROVIDE (__load_stop_iwram3 = (LOADADDR (.iwram3) + SIZEOF (.iwram3)))

.iwram4         0x00000000030034f4        0x0
 *(.iwram4)
                0x00000000030034f4                . = ALIGN (0x4)
                [!provide]                        PROVIDE (__load_start_iwram4 = LOADADDR (.iwram4))
                [!provide]                        PROVIDE (__load_stop_iwram4 = (LOADADDR (.iwram4) + SIZEOF (.iwram4)))

.iwram5         0x00000000030034f4        0x0
 *(.iwram5)
                0x00000000030034f4                . = ALIGN (0x4)
                [!provide]                        PROVIDE (__load_start_iwram5 = LOADADDR (.iwram5))
                [!provide]                        PROVIDE (__load_stop_iwram5 = (LOADADDR (.iwram5) + SIZEOF (.iwram5)))

.iwram6         0x00000000030034f4        0x0
 *(.iwram6)
                0x00000000030034f4                . = ALIGN (0x4)
                [!provide]                        PROVIDE (__load_start_iwram6 = LOADADDR (.iwram6))
                [!provide]                        PROVIDE (__load_stop_iwram6 = (LOADADDR (.iwram6) + SIZEOF (.iwram6)))

.iwram7         0x00000000030034f4        0x0
 *(.iwram7)
                0x00000000030034f4                . = ALIGN (0x4)
                [!provide]                        PROVIDE (__load_start_iwram7 = LOADADDR (.iwram7))
                [!provide]                        PROVIDE (__load_stop_iwram7 = (LOADADDR (.iwram7) + SIZEOF (.iwram7)))

.iwram8         0x00000000030034f4        0x0
 *(.iwram8)
                0x00000000030034f4                . = ALIGN (0x4)
                [!provide]                        PROVIDE (__load_start_iwram8 = LOADADDR (.iwram8))
                [!provide]                        PROVIDE (__load_stop_iwram8 = (LOADADDR (.iwram8) + SIZEOF (.iwram8)))

.iwram9         0x00000000030034f4        0x0
 *(.iwram9)
                0x00000000030034f4                . = ALIGN (0x4)
                [!provide]                        PROVIDE (__load_start_iwram9 = LOADADDR (.iwram9))
                [!provide]                        PROVIDE (__load_stop_iwram9 = (LOADADDR (.iwram9) + SIZEOF (.iwram9)))
                0x00000000030034f4                __iwram_overlay_end = .
                0x0000000008275bc4                __ewram_lma = (__iwram_overlay_lma + (__iwram_overlay_end - __iwram_overlay_start))
                0x00000000030034f4                __iheap_start = .
                0x0000000002000000                __ewram_start = ORIGIN (ewram)

.ewram          0x0000000002000000      0xda8 load address 0x0000000008275bc4
 *(.ewram*)
 .ewram         0x0000000002000000       0x5c C:/devkitPro/libtonc/lib\libtonc.a(tonc_nocash.o)
                0x0000000002000000                nocash_message
                0x0000000002000008                nocash_buffer
 .ewram         0x000000000200005c       0x18 ../aas/lib\libAAS.a(AAS_Main.o)
                0x0000000002000070                AAS_lib_v113
 .ewram         0x0000000002000074      0x1e0 ../aas/lib\libAAS.a(AAS_MOD.o)
                0x0000000002000074                AAS_mod_num_chans
                0x0000000002000076                AAS_mod_num
 .ewram         0x0000000002000254      0xb54 ../aas/lib\libAAS.a(AAS_Shared.o)
                0x0000000002000254                AAS_chan_rearrange
                0x0000000002000264                AAS_mix_scale
                0x0000000002000266                AAS_volscale
                0x0000000002000267                AAS_initialised
                0x0000000002000268                AAS_mix_buffer
                0x0000000002000c68                AAS_channels
                0x0000000002000da8                . = ALIGN (0x4)
                0x0000000002000da8                __ewram_end = ABSOLUTE (.)
                0x000000000827696c                __pad_lma = (__ewram_lma + SIZEOF (.ewram))

.sbss           0x0000000002000da8        0x0
                0x0000000002000da8                __sbss_start__ = ABSOLUTE (.)
 *(.sbss*)
                0x0000000002000da8                . = ALIGN (0x4)
                0x0000000002000da8                __sbss_end__ = ABSOLUTE (.)
                0x0000000002000da8                __end__ = ABSOLUTE (.)
                0x0000000002000da8                __eheap_start = ABSOLUTE (.)

.pad            0x0000000002000da8        0x8 load address 0x000000000827696c
                0x0000000002000da8        0x4 LONG 0x52416b64
                0x0000000002000dac        0x4 LONG 0x4d
                0x0000000002000db0                . = ALIGN (0x4)
                0x0000000008276974                __rom_end__ = (__pad_lma + SIZEOF (.pad))

.stab
 *(.stab)

.stabstr
 *(.stabstr)

.stab.excl
 *(.stab.excl)

.stab.exclstr
 *(.stab.exclstr)

.stab.index
 *(.stab.index)

.stab.indexstr
 *(.stab.indexstr)

.comment        0x0000000000000000       0x45
 *(.comment)
 .comment       0x0000000000000000       0x23 c:/devkitpro/devkitarm/bin/../lib/gcc/arm-none-eabi/11.1.0/thumb/crtbegin.o
                                         0x24 (size before relaxing)
 .comment       0x0000000000000023       0x24 main.o
 .comment       0x0000000000000023       0x24 Balloon2.o
 .comment       0x0000000000000023       0x24 bar.o
 .comment       0x0000000000000023       0x24 BGback2.o
 .comment       0x0000000000000023       0x24 BGfront3.o
 .comment       0x0000000000000023       0x24 BGmid2.o
 .comment       0x0000000000000023       0x24 Crash.o
 .comment       0x0000000000000023       0x24 Icons.o
 .comment       0x0000000000000023       0x24 LevelEnd2.o
 .comment       0x0000000000000023       0x24 LevelEnd3.o
 .comment       0x0000000000000023       0x24 lightning.o
 .comment       0x0000000000000023       0x24 Numbers.o
 .comment       0x0000000000000023       0x24 RainbowdashFB.o
 .comment       0x0000000000000023       0x24 RainCloud.o
 .comment       0x0000000000000023       0x24 Shock.o
 .comment       0x0000000000000023       0x24 shot.o
 .comment       0x0000000000000023       0x24 TitleV2.o
 .comment       0x0000000000000023       0x22 C:/devkitPro/libtonc/lib\libtonc.a(tonc_irq.o)
                                         0x23 (size before relaxing)
 .comment       0x0000000000000045       0x23 C:/devkitPro/libtonc/lib\libtonc.a(tonc_core.o)
 .comment       0x0000000000000045       0x23 C:/devkitPro/libtonc/lib\libtonc.a(tonc_oam.o)
 .comment       0x0000000000000045       0x23 C:/devkitPro/libtonc/lib\libtonc.a(tonc_input.o)
 .comment       0x0000000000000045       0x23 C:/devkitPro/libtonc/lib\libtonc.a(tte_main.o)
 .comment       0x0000000000000045       0x23 C:/devkitPro/libtonc/lib\libtonc.a(tte_iohook.o)
 .comment       0x0000000000000045       0x23 C:/devkitPro/libtonc/lib\libtonc.a(tte_init_se.o)
 .comment       0x0000000000000045       0x23 C:/devkitPro/libtonc/lib\libtonc.a(tonc_surface.o)
 .comment       0x0000000000000045       0x23 C:/devkitPro/libtonc/lib\libtonc.a(se_drawg.o)
 .comment       0x0000000000000045       0x23 C:/devkitPro/libtonc/lib\libtonc.a(tonc_sbmp16.o)
 .comment       0x0000000000000045       0x24 c:/devkitpro/devkitarm/bin/../lib/gcc/arm-none-eabi/11.1.0/../../../../arm-none-eabi/lib/thumb\libm.a(lib_a-s_sin.o)
 .comment       0x0000000000000045       0x24 c:/devkitpro/devkitarm/bin/../lib/gcc/arm-none-eabi/11.1.0/../../../../arm-none-eabi/lib/thumb\libm.a(lib_a-e_rem_pio2.o)
 .comment       0x0000000000000045       0x24 c:/devkitpro/devkitarm/bin/../lib/gcc/arm-none-eabi/11.1.0/../../../../arm-none-eabi/lib/thumb\libm.a(lib_a-k_cos.o)
 .comment       0x0000000000000045       0x24 c:/devkitpro/devkitarm/bin/../lib/gcc/arm-none-eabi/11.1.0/../../../../arm-none-eabi/lib/thumb\libm.a(lib_a-k_rem_pio2.o)
 .comment       0x0000000000000045       0x24 c:/devkitpro/devkitarm/bin/../lib/gcc/arm-none-eabi/11.1.0/../../../../arm-none-eabi/lib/thumb\libm.a(lib_a-k_sin.o)
 .comment       0x0000000000000045       0x24 c:/devkitpro/devkitarm/bin/../lib/gcc/arm-none-eabi/11.1.0/../../../../arm-none-eabi/lib/thumb\libm.a(lib_a-s_fabs.o)
 .comment       0x0000000000000045       0x24 c:/devkitpro/devkitarm/bin/../lib/gcc/arm-none-eabi/11.1.0/../../../../arm-none-eabi/lib/thumb\libm.a(lib_a-s_floor.o)
 .comment       0x0000000000000045       0x24 c:/devkitpro/devkitarm/bin/../lib/gcc/arm-none-eabi/11.1.0/../../../../arm-none-eabi/lib/thumb\libm.a(lib_a-s_scalbn.o)
 .comment       0x0000000000000045       0x24 ../aas/lib\libAAS.a(AAS_Main.o)
 .comment       0x0000000000000045       0x24 ../aas/lib\libAAS.a(AAS_MOD.o)
 .comment       0x0000000000000045       0x24 ../aas/lib\libAAS.a(AAS_Shared.o)
 .comment       0x0000000000000045       0x24 ../aas/lib\libAAS.a(AAS_SFX.o)
 .comment       0x0000000000000045       0x24 c:/devkitpro/devkitarm/bin/../lib/gcc/arm-none-eabi/11.1.0/../../../../arm-none-eabi/lib/thumb\libg.a(lib_a-ctype_.o)
 .comment       0x0000000000000045       0x24 c:/devkitpro/devkitarm/bin/../lib/gcc/arm-none-eabi/11.1.0/../../../../arm-none-eabi/lib/thumb\libg.a(lib_a-init.o)
 .comment       0x0000000000000045       0x24 c:/devkitpro/devkitarm/bin/../lib/gcc/arm-none-eabi/11.1.0/../../../../arm-none-eabi/lib/thumb\libg.a(lib_a-iprintf.o)
 .comment       0x0000000000000045       0x24 c:/devkitpro/devkitarm/bin/../lib/gcc/arm-none-eabi/11.1.0/../../../../arm-none-eabi/lib/thumb\libg.a(lib_a-memcpy-stub.o)
 .comment       0x0000000000000045       0x24 c:/devkitpro/devkitarm/bin/../lib/gcc/arm-none-eabi/11.1.0/../../../../arm-none-eabi/lib/thumb\libg.a(lib_a-memset.o)
 .comment       0x0000000000000045       0x24 c:/devkitpro/devkitarm/bin/../lib/gcc/arm-none-eabi/11.1.0/../../../../arm-none-eabi/lib/thumb\libg.a(lib_a-rand.o)
 .comment       0x0000000000000045       0x24 c:/devkitpro/devkitarm/bin/../lib/gcc/arm-none-eabi/11.1.0/../../../../arm-none-eabi/lib/thumb\libg.a(lib_a-setvbuf.o)
 .comment       0x0000000000000045       0x24 c:/devkitpro/devkitarm/bin/../lib/gcc/arm-none-eabi/11.1.0/../../../../arm-none-eabi/lib/thumb\libg.a(lib_a-siscanf.o)
 .comment       0x0000000000000045       0x24 c:/devkitpro/devkitarm/bin/../lib/gcc/arm-none-eabi/11.1.0/../../../../arm-none-eabi/lib/thumb\libg.a(lib_a-stdio.o)
 .comment       0x0000000000000045       0x24 c:/devkitpro/devkitarm/bin/../lib/gcc/arm-none-eabi/11.1.0/../../../../arm-none-eabi/lib/thumb\libg.a(lib_a-strlen-stub.o)
 .comment       0x0000000000000045       0x24 c:/devkitpro/devkitarm/bin/../lib/gcc/arm-none-eabi/11.1.0/../../../../arm-none-eabi/lib/thumb\libg.a(lib_a-strncpy.o)
 .comment       0x0000000000000045       0x24 c:/devkitpro/devkitarm/bin/../lib/gcc/arm-none-eabi/11.1.0/../../../../arm-none-eabi/lib/thumb\libg.a(lib_a-strtol.o)
 .comment       0x0000000000000045       0x24 c:/devkitpro/devkitarm/bin/../lib/gcc/arm-none-eabi/11.1.0/../../../../arm-none-eabi/lib/thumb\libg.a(lib_a-svfiscanf.o)
 .comment       0x0000000000000045       0x24 c:/devkitpro/devkitarm/bin/../lib/gcc/arm-none-eabi/11.1.0/../../../../arm-none-eabi/lib/thumb\libg.a(lib_a-ungetc.o)
 .comment       0x0000000000000045       0x24 c:/devkitpro/devkitarm/bin/../lib/gcc/arm-none-eabi/11.1.0/../../../../arm-none-eabi/lib/thumb\libg.a(lib_a-vfiprintf.o)
 .comment       0x0000000000000045       0x24 c:/devkitpro/devkitarm/bin/../lib/gcc/arm-none-eabi/11.1.0/../../../../arm-none-eabi/lib/thumb\libg.a(lib_a-wcrtomb.o)
 .comment       0x0000000000000045       0x24 c:/devkitpro/devkitarm/bin/../lib/gcc/arm-none-eabi/11.1.0/../../../../arm-none-eabi/lib/thumb\libg.a(lib_a-wcsrtombs.o)
 .comment       0x0000000000000045       0x24 c:/devkitpro/devkitarm/bin/../lib/gcc/arm-none-eabi/11.1.0/../../../../arm-none-eabi/lib/thumb\libg.a(lib_a-wsetup.o)
 .comment       0x0000000000000045       0x24 c:/devkitpro/devkitarm/bin/../lib/gcc/arm-none-eabi/11.1.0/../../../../arm-none-eabi/lib/thumb\libg.a(lib_a-errno.o)
 .comment       0x0000000000000045       0x24 c:/devkitpro/devkitarm/bin/../lib/gcc/arm-none-eabi/11.1.0/../../../../arm-none-eabi/lib/thumb\libg.a(lib_a-fflush.o)
 .comment       0x0000000000000045       0x24 c:/devkitpro/devkitarm/bin/../lib/gcc/arm-none-eabi/11.1.0/../../../../arm-none-eabi/lib/thumb\libg.a(lib_a-findfp.o)
 .comment       0x0000000000000045       0x24 c:/devkitpro/devkitarm/bin/../lib/gcc/arm-none-eabi/11.1.0/../../../../arm-none-eabi/lib/thumb\libg.a(lib_a-freer.o)
 .comment       0x0000000000000045       0x24 c:/devkitpro/devkitarm/bin/../lib/gcc/arm-none-eabi/11.1.0/../../../../arm-none-eabi/lib/thumb\libg.a(lib_a-fvwrite.o)
 .comment       0x0000000000000045       0x24 c:/devkitpro/devkitarm/bin/../lib/gcc/arm-none-eabi/11.1.0/../../../../arm-none-eabi/lib/thumb\libg.a(lib_a-fwalk.o)
 .comment       0x0000000000000045       0x24 c:/devkitpro/devkitarm/bin/../lib/gcc/arm-none-eabi/11.1.0/../../../../arm-none-eabi/lib/thumb\libg.a(lib_a-impure.o)
 .comment       0x0000000000000045       0x24 c:/devkitpro/devkitarm/bin/../lib/gcc/arm-none-eabi/11.1.0/../../../../arm-none-eabi/lib/thumb\libg.a(lib_a-iswspace.o)
 .comment       0x0000000000000045       0x24 c:/devkitpro/devkitarm/bin/../lib/gcc/arm-none-eabi/11.1.0/../../../../arm-none-eabi/lib/thumb\libg.a(lib_a-localeconv.o)
 .comment       0x0000000000000045       0x24 c:/devkitpro/devkitarm/bin/../lib/gcc/arm-none-eabi/11.1.0/../../../../arm-none-eabi/lib/thumb\libg.a(lib_a-locale.o)
 .comment       0x0000000000000045       0x24 c:/devkitpro/devkitarm/bin/../lib/gcc/arm-none-eabi/11.1.0/../../../../arm-none-eabi/lib/thumb\libg.a(lib_a-makebuf.o)
 .comment       0x0000000000000045       0x24 c:/devkitpro/devkitarm/bin/../lib/gcc/arm-none-eabi/11.1.0/../../../../arm-none-eabi/lib/thumb\libg.a(lib_a-malloc.o)
 .comment       0x0000000000000045       0x24 c:/devkitpro/devkitarm/bin/../lib/gcc/arm-none-eabi/11.1.0/../../../../arm-none-eabi/lib/thumb\libg.a(lib_a-mallocr.o)
 .comment       0x0000000000000045       0x24 c:/devkitpro/devkitarm/bin/../lib/gcc/arm-none-eabi/11.1.0/../../../../arm-none-eabi/lib/thumb\libg.a(lib_a-mbrtowc.o)
 .comment       0x0000000000000045       0x24 c:/devkitpro/devkitarm/bin/../lib/gcc/arm-none-eabi/11.1.0/../../../../arm-none-eabi/lib/thumb\libg.a(lib_a-mbtowc_r.o)
 .comment       0x0000000000000045       0x24 c:/devkitpro/devkitarm/bin/../lib/gcc/arm-none-eabi/11.1.0/../../../../arm-none-eabi/lib/thumb\libg.a(lib_a-memchr-stub.o)
 .comment       0x0000000000000045       0x24 c:/devkitpro/devkitarm/bin/../lib/gcc/arm-none-eabi/11.1.0/../../../../arm-none-eabi/lib/thumb\libg.a(lib_a-memmove.o)
 .comment       0x0000000000000045       0x24 c:/devkitpro/devkitarm/bin/../lib/gcc/arm-none-eabi/11.1.0/../../../../arm-none-eabi/lib/thumb\libg.a(lib_a-mlock.o)
 .comment       0x0000000000000045       0x24 c:/devkitpro/devkitarm/bin/../lib/gcc/arm-none-eabi/11.1.0/../../../../arm-none-eabi/lib/thumb\libg.a(lib_a-realloc.o)